2026-07-27 06:08:36.020 Df app[50640:5414ea] [com.apple.BoardServices:XPCErrors] [C:1] Alloc com.apple.frontboard.systemappservices
2026-07-27 06:08:36.028 Df app[50640:5414ae] [com.apple.runningboard:general] Added observer for process assertions expiration warning: <_RBSExpirationWarningClient: 0x1049b5440>
2026-07-27 06:08:36.121 Df app[50640:5414ae] [com.apple.BoardServices:XPCErrors] [C:2] Alloc com.apple.backboard.hid-services.xpc
2026-07-27 06:08:36.932 Df app[50640:5414ef] [com.apple.securityd:SecError] SecTrustReportNetworkingAnalytics failed with error: -4
2026-07-27 06:08:37.005 Df app[50640:5414ed] [com.apple.securityd:SecError] SecTrustReportNetworkingAnalytics failed with error: -4
2026-07-27 06:08:39.352 Df app[50640:54154a] [com.apple.securityd:SecError] SecTrustReportNetworkingAnalytics failed with error: -4
2026-07-27 06:09:06.924 E  app[50640:5414eb] [com.apple.network:connection] nw_socket_handle_socket_event [C10:1] Socket SO_ERROR [61: Connection refused]
2026-07-27 06:09:06.924 E  app[50640:5414eb] [com.apple.network:connection] nw_endpoint_flow_failed_with_error [C10 IPv4#6c169aaa:8097 in_progress socket-flow (satisfied (Path is satisfied), interface: lo0)] already failing, returning
2026-07-27 06:09:06.924 Df app[50640:5414eb] [com.apple.network:connection] [C10 IPv4#6c169aaa:8097 failed socket-flow (satisfied (Path is satisfied), interface: lo0)] event: flow:failed_connect @0.001s, error Connection refused
2026-07-27 06:09:06.924 Df app[50640:5414eb] [com.apple.network:connection] nw_connection_report_state_with_handler_on_nw_queue [C10] reporting state failed error Connection refused
2026-07-27 06:09:06.925 E  app[50640:54154a] [com.apple.CFNetwork:Default] TCP Conn 0x1088ae080 Failed : error 0:61 [61]
2026-07-27 06:09:06.925 Df app[50640:54154a] [com.apple.network:connection] nw_connection_report_state_with_handler_on_nw_queue [C10] reporting state cancelled error Connection refused
2026-07-27 06:09:08.722 Df app[50640:5414ea] [com.apple.securityd:SecError] SecTrustReportNetworkingAnalytics failed with error: -4
2026-07-27 06:09:08.770 Df app[50640:5414ef] [com.apple.securityd:SecError] SecTrustReportNetworkingAnalytics failed with error: -4
2026-07-27 06:09:08.770 Df app[50640:5414ef] [com.apple.securityd:SecError] SecTrustReportNetworkingAnalytics failed with error: -4
2026-07-27 06:09:08.771 Df app[50640:5414ef] [com.apple.securityd:SecError] SecTrustReportNetworkingAnalytics failed with error: -4
2026-07-27 06:09:08.771 Df app[50640:5414ef] [com.apple.securityd:SecError] SecTrustReportNetworkingAnalytics failed with error: -4
2026-07-27 06:09:08.881 Df app[50640:54154c] [com.apple.securityd:SecError] SecTrustReportNetworkingAnalytics failed with error: -4
2026-07-27 06:09:08.882 E  app[50640:5414ef] [com.apple.network:connection] nw_socket_handle_socket_event [C18:2] Socket SO_ERROR [61: Connection refused]
2026-07-27 06:09:08.882 E  app[50640:5414ef] [com.apple.network:connection] nw_endpoint_flow_failed_with_error [C18 IPv4#b6e7d026:9 in_progress socket-flow (satisfied (Path is satisfied), interface: lo0)] already failing, returning
2026-07-27 06:09:08.882 Df app[50640:5414ef] [com.apple.network:connection] [C18 IPv4#b6e7d026:9 failed socket-flow (satisfied (Path is satisfied), interface: lo0)] event: flow:failed_connect @0.001s, error Connection refused
2026-07-27 06:09:08.882 Df app[50640:5414ef] [com.apple.network:connection] nw_connection_report_state_with_handler_on_nw_queue [C18] reporting state failed error Connection refused
2026-07-27 06:09:08.882 E  app[50640:5414ef] [com.apple.CFNetwork:Default] Connection 18: encountered error(1:61)
2026-07-27 06:09:08.882 Df app[50640:5414ef] [com.apple.network:connection] nw_connection_report_state_with_handler_on_nw_queue [C18] reporting state cancelled error Connection refused
2026-07-27 06:09:08.882 Df app[50640:5414ef] [com.apple.CFNetwork:Default] Task <AFF546C7-3A00-42D2-B0EA-5DF6404D7B95>.<2> can retry(N) with reason(2) for error [1:61]
2026-07-27 06:09:08.882 E  app[50640:5414ef] [com.apple.CFNetwork:Default] Task <AFF546C7-3A00-42D2-B0EA-5DF6404D7B95>.<2> HTTP load failed, 0/0 bytes (error code: -1004 [1:61])
2026-07-27 06:09:08.884 Df app[50640:54154c] [com.apple.securityd:SecError] SecTrustReportNetworkingAnalytics failed with error: -4
2026-07-27 06:09:08.885 E  app[50640:54154a] [com.apple.CFNetwork:Default] Task <AFF546C7-3A00-42D2-B0EA-5DF6404D7B95>.<2> finished with error [-1004] Error Domain=NSURLErrorDomain Code=-1004 "서버에 연결할 수 없습니다." UserInfo={_kCFStreamErrorCodeKey=61, NSUnderlyingError=0x127cf8ab0 {Error Domain=kCFErrorDomainCFNetwork Code=-1004 "(null)" UserInfo={_NSURLErrorNWPathKey=satisfied (Path is satisfied), interface: lo0, _kCFStreamErrorCodeKey=61, _kCFStreamErrorDomainKey=1}}, _NSURLErrorFailingURLSessionTaskErrorKey=LocalDataTask <AFF546C7-3A00-42D2-B0EA-5DF6404D7B95>.<2>, _NSURLErrorRelatedURLSessionTaskErrorKey=(
), NSLocalizedDescription=서버에 연결할 수 없습니다., NSErrorFailingURLStringKey=http://127.0.0.1:9/public/mobile-policy?platform=ios&environment=test&appVersion=1.1.2&buildNumber=4&apiContractVersion=1, NSErrorFailingURLKey=http://127.0.0.1:9/public/mobile-policy?platform=ios&environment=test&appVersion=1.1.2&buildNumber=4&apiContractVersion=1, _kCFStreamErrorDomainKey=1}
2026-07-27 06:09:08.885 E  app[50640:54154a] [com.apple.CFNetwork:Default] Task <A3AD4BBF-1B8B-41B4-AF0B-621A7CC31E3D>.<1> finished with error [-1004] Error Domain=NSURLErrorDomain Code=-1004 "서버에 연결할 수 없습니다." UserInfo={_kCFStreamErrorCodeKey=61, NSUnderlyingError=0x127cf8ab0 {Error Domain=kCFErrorDomainCFNetwork Code=-1004 "(null)" UserInfo={_NSURLErrorNWPathKey=satisfied (Path is satisfied), interface: lo0, _kCFStreamErrorCodeKey=61, _kCFStreamErrorDomainKey=1}}, _NSURLErrorFailingURLSessionTaskErrorKey=LocalDataTask <A3AD4BBF-1B8B-41B4-AF0B-621A7CC31E3D>.<1>, _NSURLErrorRelatedURLSessionTaskErrorKey=(
), NSLocalizedDescription=서버에 연결할 수 없습니다., NSErrorFailingURLStringKey=http://127.0.0.1:9/public/mobile-policy?platform=ios&environment=test&appVersion=1.1.2&buildNumber=4&apiContractVersion=1, NSErrorFailingURLKey=http://127.0.0.1:9/public/mobile-policy?platform=ios&environment=test&appVersion=1.1.2&buildNumber=4&apiC
2026-07-27 06:09:08.892 Df app[50640:5414ef] [com.apple.securityd:SecError] SecTrustReportNetworkingAnalytics failed with error: -4
2026-07-27 06:09:08.895 E  app[50640:54154a] [com.apple.network:connection] nw_socket_handle_socket_event [C19:2] Socket SO_ERROR [61: Connection refused]
2026-07-27 06:09:08.896 E  app[50640:54154a] [com.apple.network:connection] nw_endpoint_flow_failed_with_error [C19 IPv4#b6e7d026:9 in_progress socket-flow (satisfied (Path is satisfied), interface: lo0)] already failing, returning
2026-07-27 06:09:08.896 Df app[50640:54154a] [com.apple.network:connection] [C19 IPv4#b6e7d026:9 failed socket-flow (satisfied (Path is satisfied), interface: lo0)] event: flow:failed_connect @0.003s, error Connection refused
2026-07-27 06:09:08.896 Df app[50640:54154a] [com.apple.network:connection] nw_connection_report_state_with_handler_on_nw_queue [C19] reporting state failed error Connection refused
2026-07-27 06:09:08.896 E  app[50640:54154a] [com.apple.CFNetwork:Default] Connection 19: encountered error(1:61)
2026-07-27 06:09:08.896 Df app[50640:54154a] [com.apple.network:connection] nw_connection_report_state_with_handler_on_nw_queue [C19] reporting state cancelled error Connection refused
2026-07-27 06:09:08.896 Df app[50640:54154a] [com.apple.CFNetwork:Default] Task <08FBBAE5-515B-4173-A76F-B0790640D991>.<3> can retry(N) with reason(2) for error [1:61]
2026-07-27 06:09:08.897 E  app[50640:54154a] [com.apple.CFNetwork:Default] Task <08FBBAE5-515B-4173-A76F-B0790640D991>.<3> HTTP load failed, 0/0 bytes (error code: -1004 [1:61])
2026-07-27 06:09:08.897 E  app[50640:54154a] [com.apple.CFNetwork:Default] Task <08FBBAE5-515B-4173-A76F-B0790640D991>.<3> finished with error [-1004] Error Domain=NSURLErrorDomain Code=-1004 "서버에 연결할 수 없습니다." UserInfo={_kCFStreamErrorCodeKey=61, NSUnderlyingError=0x127d0fd80 {Error Domain=kCFErrorDomainCFNetwork Code=-1004 "(null)" UserInfo={_NSURLErrorNWPathKey=satisfied (Path is satisfied), interface: lo0, _kCFStreamErrorCodeKey=61, _kCFStreamErrorDomainKey=1}}, _NSURLErrorFailingURLSessionTaskErrorKey=LocalDataTask <08FBBAE5-515B-4173-A76F-B0790640D991>.<3>, _NSURLErrorRelatedURLSessionTaskErrorKey=(
), NSLocalizedDescription=서버에 연결할 수 없습니다., NSErrorFailingURLStringKey=http://127.0.0.1:9/public/mobile-policy?platform=ios&environment=test&appVersion=1.1.2&buildNumber=4&apiContractVersion=1, NSErrorFailingURLKey=http://127.0.0.1:9/public/mobile-policy?platform=ios&environment=test&appVersion=1.1.2&buildNumber=4&apiContractVersion=1, _kCFStreamErrorDomainKey=1}
2026-07-27 06:09:08.897 E  app[50640:5414ee] [com.apple.CFNetwork:Default] Task <9CDAC12F-70FE-4631-8C61-0763DCA5761E>.<2> finished with error [-1004] Error Domain=NSURLErrorDomain Code=-1004 "서버에 연결할 수 없습니다." UserInfo={_kCFStreamErrorCodeKey=61, NSUnderlyingError=0x127d0fd80 {Error Domain=kCFErrorDomainCFNetwork Code=-1004 "(null)" UserInfo={_NSURLErrorNWPathKey=satisfied (Path is satisfied), interface: lo0, _kCFStreamErrorCodeKey=61, _kCFStreamErrorDomainKey=1}}, _NSURLErrorFailingURLSessionTaskErrorKey=LocalDataTask <9CDAC12F-70FE-4631-8C61-0763DCA5761E>.<2>, _NSURLErrorRelatedURLSessionTaskErrorKey=(
), NSLocalizedDescription=서버에 연결할 수 없습니다., NSErrorFailingURLStringKey=http://127.0.0.1:9/public/mobile-policy?platform=ios&environment=test&appVersion=1.1.2&buildNumber=4&apiContractVersion=1, NSErrorFailingURLKey=http://127.0.0.1:9/public/mobile-policy?platform=ios&environment=test&appVersion=1.1.2&buildNumber=4&apiC
2026-07-27 06:09:08.897 Df app[50640:5414ef] [com.apple.securityd:SecError] SecTrustReportNetworkingAnalytics failed with error: -4
2026-07-27 06:09:09.102 Df app[50640:5414ae] [com.apple.BoardServices:XPCErrors] [C:3] Alloc com.apple.inputservice.input-ui-host
2026-07-27 06:09:09.107 Df app[50640:5414ae] [com.apple.xpc:connection] [0x1088f66c0] failed to do a bootstrap look-up: xpc_error=[3: No such process]
2026-07-27 06:09:09.842 Df app[50640:54154c] [com.apple.securityd:SecError] SecTrustReportNetworkingAnalytics failed with error: -4
2026-07-27 06:09:09.852 Df app[50640:5414eb] [com.apple.securityd:SecError] SecTrustReportNetworkingAnalytics failed with error: -4
2026-07-27 06:09:09.852 Df app[50640:5414eb] [com.apple.securityd:SecError] SecTrustReportNetworkingAnalytics failed with error: -4
2026-07-27 06:09:09.860 Df app[50640:54154c] [com.apple.securityd:SecError] SecTrustReportNetworkingAnalytics failed with error: -4
Set CGBITMAP_CONTEXT_LOG_ERRORS environmental variable to see more details.
2026-07-27 06:09:10.324 Df app[50640:541ac7] [com.apple.securityd:SecError] SecTrustReportNetworkingAnalytics failed with error: -4
2026-07-27 06:09:10.331 E  app[50640:5414ea] [com.apple.network:connection] nw_socket_handle_socket_event [C22:2] Socket SO_ERROR [61: Connection refused]
2026-07-27 06:09:10.331 E  app[50640:5414ea] [com.apple.network:connection] nw_endpoint_flow_failed_with_error [C22 IPv4#b6e7d026:9 in_progress socket-flow (satisfied (Path is satisfied), interface: lo0)] already failing, returning
2026-07-27 06:09:10.331 Df app[50640:5414ea] [com.apple.network:connection] [C22 IPv4#b6e7d026:9 failed socket-flow (satisfied (Path is satisfied), interface: lo0)] event: flow:failed_connect @0.002s, error Connection refused
2026-07-27 06:09:10.331 Df app[50640:5414ea] [com.apple.network:connection] nw_connection_report_state_with_handler_on_nw_queue [C22] reporting state failed error Connection refused
2026-07-27 06:09:10.331 E  app[50640:5414ea] [com.apple.CFNetwork:Default] Connection 22: encountered error(1:61)
2026-07-27 06:09:10.332 Df app[50640:5414ea] [com.apple.network:connection] nw_connection_report_state_with_handler_on_nw_queue [C22] reporting state cancelled error Connection refused
2026-07-27 06:09:10.332 Df app[50640:5414ea] [com.apple.CFNetwork:Default] Task <5E09DF9A-A9DA-4F20-8FD9-F1E6100F4889>.<7> can retry(N) with reason(2) for error [1:61]
2026-07-27 06:09:10.333 E  app[50640:5414ea] [com.apple.CFNetwork:Default] Task <5E09DF9A-A9DA-4F20-8FD9-F1E6100F4889>.<7> HTTP load failed, 0/0 bytes (error code: -1004 [1:61])
2026-07-27 06:09:10.333 E  app[50640:5414ea] [com.apple.CFNetwork:Default] Task <5E09DF9A-A9DA-4F20-8FD9-F1E6100F4889>.<7> finished with error [-1004] Error Domain=NSURLErrorDomain Code=-1004 "서버에 연결할 수 없습니다." UserInfo={_kCFStreamErrorCodeKey=61, NSUnderlyingError=0x13fc40030 {Error Domain=kCFErrorDomainCFNetwork Code=-1004 "(null)" UserInfo={_NSURLErrorNWPathKey=satisfied (Path is satisfied), interface: lo0, _kCFStreamErrorCodeKey=61, _kCFStreamErrorDomainKey=1}}, _NSURLErrorFailingURLSessionTaskErrorKey=LocalDataTask <5E09DF9A-A9DA-4F20-8FD9-F1E6100F4889>.<7>, _NSURLErrorRelatedURLSessionTaskErrorKey=(
), NSLocalizedDescription=서버에 연결할 수 없습니다., NSErrorFailingURLStringKey=http://127.0.0.1:9/api/v1/notices/active-popup, NSErrorFailingURLKey=http://127.0.0.1:9/api/v1/notices/active-popup, _kCFStreamErrorDomainKey=1}
2026-07-27 06:09:10.333 E  app[50640:5414ee] [com.apple.CFNetwork:Default] Task <31864D2F-E175-4EAB-9153-7748FD7C822B>.<6> finished with error [-1004] Error Domain=NSURLErrorDomain Code=-1004 "서버에 연결할 수 없습니다." UserInfo={_kCFStreamErrorCodeKey=61, NSUnderlyingError=0x13fc40030 {Error Domain=kCFErrorDomainCFNetwork Code=-1004 "(null)" UserInfo={_NSURLErrorNWPathKey=satisfied (Path is satisfied), interface: lo0, _kCFStreamErrorCodeKey=61, _kCFStreamErrorDomainKey=1}}, _NSURLErrorFailingURLSessionTaskErrorKey=LocalDataTask <31864D2F-E175-4EAB-9153-7748FD7C822B>.<6>, _NSURLErrorRelatedURLSessionTaskErrorKey=(
), NSLocalizedDescription=서버에 연결할 수 없습니다., NSErrorFailingURLStringKey=http://127.0.0.1:9/api/v1/notices/active-popup, NSErrorFailingURLKey=http://127.0.0.1:9/api/v1/notices/active-popup, _kCFStreamErrorDomainKey=1}
2026-07-27 06:09:10.333 Df app[50640:541ac7] [com.apple.securityd:SecError] SecTrustReportNetworkingAnalytics failed with error: -4
2026-07-27 06:09:55.862 Df app[50640:5414ae] [com.apple.xpc:connection] [0x10882bc00] failed to do a bootstrap look-up: xpc_error=[3: No such process]
2026-07-27 06:09:56.031 E  app[50640:541fc1] (CoreHaptics)        CHHapticPattern.mm:487   +[CHHapticPattern patternForKey:error:]: Failed to read pattern library data: Error Domain=NSCocoaErrorDomain Code=260 "파일이 존재하지 않기 때문에 ‘hapticpatternlibrary.plist’ 파일을 열 수 없습니다." UserInfo={NSFilePath=/Library/Audio/Tunings/Generic/Haptics/Library/hapticpatternlibrary.plist, NSURL=file:///Library/Audio/Tunings/Generic/Haptics/Library/hapticpatternlibrary.plist, NSUnderlyingError=0x13fc42970 {Error Domain=NSPOSIXErrorDomain Code=2 "No such file or directory"}}
2026-07-27 06:09:56.031 E  app[50640:541fc1] [com.apple.UIKit:UIKBFeedbackGenerator] <_UIKBFeedbackGenerator: 0x13c465080>: Error creating CHHapticPattern: Error Domain=NSCocoaErrorDomain Code=260 "파일이 존재하지 않기 때문에 ‘hapticpatternlibrary.plist’ 파일을 열 수 없습니다." UserInfo={NSFilePath=/Library/Audio/Tunings/Generic/Haptics/Library/hapticpatternlibrary.plist, NSURL=file:///Library/Audio/Tunings/Generic/Haptics/Library/hapticpatternlibrary.plist, NSUnderlyingError=0x13fc42970 {Error Domain=NSPOSIXErrorDomain Code=2 "No such file or directory"}}
2026-07-27 06:09:56.032 E  app[50640:541fc1] (CoreHaptics)        CHHapticPattern.mm:487   +[CHHapticPattern patternForKey:error:]: Failed to read pattern library data: Error Domain=NSCocoaErrorDomain Code=260 "파일이 존재하지 않기 때문에 ‘hapticpatternlibrary.plist’ 파일을 열 수 없습니다." UserInfo={NSFilePath=/Library/Audio/Tunings/Generic/Haptics/Library/hapticpatternlibrary.plist, NSURL=file:///Library/Audio/Tunings/Generic/Haptics/Library/hapticpatternlibrary.plist, NSUnderlyingError=0x13fc41350 {Error Domain=NSPOSIXErrorDomain Code=2 "No such file or directory"}}
2026-07-27 06:09:56.032 E  app[50640:541fc1] [com.apple.UIKit:UIKBFeedbackGenerator] <_UIKBFeedbackGenerator: 0x13c465080>: Error creating CHHapticPattern: Error Domain=NSCocoaErrorDomain Code=260 "파일이 존재하지 않기 때문에 ‘hapticpatternlibrary.plist’ 파일을 열 수 없습니다." UserInfo={NSFilePath=/Library/Audio/Tunings/Generic/Haptics/Library/hapticpatternlibrary.plist, NSURL=file:///Library/Audio/Tunings/Generic/Haptics/Library/hapticpatternlibrary.plist, NSUnderlyingError=0x13fc41350 {Error Domain=NSPOSIXErrorDomain Code=2 "No such file or directory"}}
2026-07-27 06:09:56.032 E  app[50640:541fc1] (CoreHaptics)        CHHapticPattern.mm:487   +[CHHapticPattern patternForKey:error:]: Failed to read pattern library data: Error Domain=NSCocoaErrorDomain Code=260 "파일이 존재하지 않기 때문에 ‘hapticpatternlibrary.plist’ 파일을 열 수 없습니다." UserInfo={NSFilePath=/Library/Audio/Tunings/Generic/Haptics/Library/hapticpatternlibrary.plist, NSURL=file:///Library/Audio/Tunings/Generic/Haptics/Library/hapticpatternlibrary.plist, NSUnderlyingError=0x13fc42970 {Error Domain=NSPOSIXErrorDomain Code=2 "No such file or directory"}}
2026-07-27 06:09:56.032 E  app[50640:541fc1] [com.apple.UIKit:UIKBFeedbackGenerator] <_UIKBFeedbackGenerator: 0x13c465080>: Error creating CHHapticPattern: Error Domain=NSCocoaErrorDomain Code=260 "파일이 존재하지 않기 때문에 ‘hapticpatternlibrary.plist’ 파일을 열 수 없습니다." UserInfo={NSFilePath=/Library/Audio/Tunings/Generic/Haptics/Library/hapticpatternlibrary.plist, NSURL=file:///Library/Audio/Tunings/Generic/Haptics/Library/hapticpatternlibrary.plist, NSUnderlyingError=0x13fc42970 {Error Domain=NSPOSIXErrorDomain Code=2 "No such file or directory"}}
2026-07-27 06:09:56.032 E  app[50640:541fc1] (CoreHaptics)        CHHapticPattern.mm:487   +[CHHapticPattern patternForKey:error:]: Failed to read pattern library data: Error Domain=NSCocoaErrorDomain Code=260 "파일이 존재하지 않기 때문에 ‘hapticpatternlibrary.plist’ 파일을 열 수 없습니다." UserInfo={NSFilePath=/Library/Audio/Tunings/Generic/Haptics/Library/hapticpatternlibrary.plist, NSURL=file:///Library/Audio/Tunings/Generic/Haptics/Library/hapticpatternlibrary.plist, NSUnderlyingError=0x13fc41350 {Error Domain=NSPOSIXErrorDomain Code=2 "No such file or directory"}}
2026-07-27 06:09:56.032 E  app[50640:541fc1] [com.apple.UIKit:UIKBFeedbackGenerator] <_UIKBFeedbackGenerator: 0x13c465080>: Error creating CHHapticPattern: Error Domain=NSCocoaErrorDomain Code=260 "파일이 존재하지 않기 때문에 ‘hapticpatternlibrary.plist’ 파일을 열 수 없습니다." UserInfo={NSFilePath=/Library/Audio/Tunings/Generic/Haptics/Library/hapticpatternlibrary.plist, NSURL=file:///Library/Audio/Tunings/Generic/Haptics/Library/hapticpatternlibrary.plist, NSUnderlyingError=0x13fc41350 {Error Domain=NSPOSIXErrorDomain Code=2 "No such file or directory"}}
2026-07-27 06:09:56.032 E  app[50640:541fc1] (CoreHaptics)        CHHapticPattern.mm:487   +[CHHapticPattern patternForKey:error:]: Failed to read pattern library data: Error Domain=NSCocoaErrorDomain Code=260 "파일이 존재하지 않기 때문에 ‘hapticpatternlibrary.plist’ 파일을 열 수 없습니다." UserInfo={NSFilePath=/Library/Audio/Tunings/Generic/Haptics/Library/hapticpatternlibrary.plist, NSURL=file:///Library/Audio/Tunings/Generic/Haptics/Library/hapticpatternlibrary.plist, NSUnderlyingError=0x13fc42970 {Error Domain=NSPOSIXErrorDomain Code=2 "No such file or directory"}}
2026-07-27 06:09:56.032 E  app[50640:541fc1] [com.apple.UIKit:UIKBFeedbackGenerator] <_UIKBFeedbackGenerator: 0x13c465080>: Error creating CHHapticPattern: Error Domain=NSCocoaErrorDomain Code=260 "파일이 존재하지 않기 때문에 ‘hapticpatternlibrary.plist’ 파일을 열 수 없습니다." UserInfo={NSFilePath=/Library/Audio/Tunings/Generic/Haptics/Library/hapticpatternlibrary.plist, NSURL=file:///Library/Audio/Tunings/Generic/Haptics/Library/hapticpatternlibrary.plist, NSUnderlyingError=0x13fc42970 {Error Domain=NSPOSIXErrorDomain Code=2 "No such file or directory"}}
2026-07-27 06:09:56.032 E  app[50640:541fc1] (CoreHaptics)        CHHapticPattern.mm:487   +[CHHapticPattern patternForKey:error:]: Failed to read pattern library data: Error Domain=NSCocoaErrorDomain Code=260 "파일이 존재하지 않기 때문에 ‘hapticpatternlibrary.plist’ 파일을 열 수 없습니다." UserInfo={NSFilePath=/Library/Audio/Tunings/Generic/Haptics/Library/hapticpatternlibrary.plist, NSURL=file:///Library/Audio/Tunings/Generic/Haptics/Library/hapticpatternlibrary.plist, NSUnderlyingError=0x13fc41350 {Error Domain=NSPOSIXErrorDomain Code=2 "No such file or directory"}}
2026-07-27 06:09:56.033 E  app[50640:541fc1] [com.apple.UIKit:UIKBFeedbackGenerator] <_UIKBFeedbackGenerator: 0x13c465080>: Error creating CHHapticPattern: Error Domain=NSCocoaErrorDomain Code=260 "파일이 존재하지 않기 때문에 ‘hapticpatternlibrary.plist’ 파일을 열 수 없습니다." UserInfo={NSFilePath=/Library/Audio/Tunings/Generic/Haptics/Library/hapticpatternlibrary.plist, NSURL=file:///Library/Audio/Tunings/Generic/Haptics/Library/hapticpatternlibrary.plist, NSUnderlyingError=0x13fc41350 {Error Domain=NSPOSIXErrorDomain Code=2 "No such file or directory"}}
2026-07-27 06:09:56.033 E  app[50640:541fc1] (CoreHaptics)        CHHapticPattern.mm:487   +[CHHapticPattern patternForKey:error:]: Failed to read pattern library data: Error Domain=NSCocoaErrorDomain Code=260 "파일이 존재하지 않기 때문에 ‘hapticpatternlibrary.plist’ 파일을 열 수 없습니다." UserInfo={NSFilePath=/Library/Audio/Tunings/Generic/Haptics/Library/hapticpatternlibrary.plist, NSURL=file:///Library/Audio/Tunings/Generic/Haptics/Library/hapticpatternlibrary.plist, NSUnderlyingError=0x13fc42970 {Error Domain=NSPOSIXErrorDomain Code=2 "No such file or directory"}}
2026-07-27 06:09:56.033 E  app[50640:541fc1] [com.apple.UIKit:UIKBFeedbackGenerator] <_UIKBFeedbackGenerator: 0x13c465080>: Error creating CHHapticPattern: Error Domain=NSCocoaErrorDomain Code=260 "파일이 존재하지 않기 때문에 ‘hapticpatternlibrary.plist’ 파일을 열 수 없습니다." UserInfo={NSFilePath=/Library/Audio/Tunings/Generic/Haptics/Library/hapticpatternlibrary.plist, NSURL=file:///Library/Audio/Tunings/Generic/Haptics/Library/hapticpatternlibrary.plist, NSUnderlyingError=0x13fc42970 {Error Domain=NSPOSIXErrorDomain Code=2 "No such file or directory"}}
2026-07-27 06:09:56.033 E  app[50640:541fc1] (CoreHaptics)        CHHapticPattern.mm:487   +[CHHapticPattern patternForKey:error:]: Failed to read pattern library data: Error Domain=NSCocoaErrorDomain Code=260 "파일이 존재하지 않기 때문에 ‘hapticpatternlibrary.plist’ 파일을 열 수 없습니다." UserInfo={NSFilePath=/Library/Audio/Tunings/Generic/Haptics/Library/hapticpatternlibrary.plist, NSURL=file:///Library/Audio/Tunings/Generic/Haptics/Library/hapticpatternlibrary.plist, NSUnderlyingError=0x13fc41350 {Error Domain=NSPOSIXErrorDomain Code=2 "No such file or directory"}}
2026-07-27 06:09:56.033 E  app[50640:541fc1] [com.apple.UIKit:UIKBFeedbackGenerator] <_UIKBFeedbackGenerator: 0x13c465080>: Error creating CHHapticPattern: Error Domain=NSCocoaErrorDomain Code=260 "파일이 존재하지 않기 때문에 ‘hapticpatternlibrary.plist’ 파일을 열 수 없습니다." UserInfo={NSFilePath=/Library/Audio/Tunings/Generic/Haptics/Library/hapticpatternlibrary.plist, NSURL=file:///Library/Audio/Tunings/Generic/Haptics/Library/hapticpatternlibrary.plist, NSUnderlyingError=0x13fc41350 {Error Domain=NSPOSIXErrorDomain Code=2 "No such file or directory"}}
2026-07-27 06:09:56.033 E  app[50640:541fc1] (CoreHaptics)        CHHapticPattern.mm:487   +[CHHapticPattern patternForKey:error:]: Failed to read pattern library data: Error Domain=NSCocoaErrorDomain Code=260 "파일이 존재하지 않기 때문에 ‘hapticpatternlibrary.plist’ 파일을 열 수 없습니다." UserInfo={NSFilePath=/Library/Audio/Tunings/Generic/Haptics/Library/hapticpatternlibrary.plist, NSURL=file:///Library/Audio/Tunings/Generic/Haptics/Library/hapticpatternlibrary.plist, NSUnderlyingError=0x13fc42970 {Error Domain=NSPOSIXErrorDomain Code=2 "No such file or directory"}}
2026-07-27 06:09:56.034 E  app[50640:541fc1] [com.apple.UIKit:UIKBFeedbackGenerator] <_UIKBFeedbackGenerator: 0x13c465080>: Error creating CHHapticPattern: Error Domain=NSCocoaErrorDomain Code=260 "파일이 존재하지 않기 때문에 ‘hapticpatternlibrary.plist’ 파일을 열 수 없습니다." UserInfo={NSFilePath=/Library/Audio/Tunings/Generic/Haptics/Library/hapticpatternlibrary.plist, NSURL=file:///Library/Audio/Tunings/Generic/Haptics/Library/hapticpatternlibrary.plist, NSUnderlyingError=0x13fc42970 {Error Domain=NSPOSIXErrorDomain Code=2 "No such file or directory"}}
2026-07-27 06:09:59.975 Df app[50640:5414ae] [com.apple.xpc:connection] [0x13e708a00] failed to do a bootstrap look-up: xpc_error=[3: No such process]
2026-07-27 06:10:00.034 E  app[50640:541b49] (CoreHaptics)        CHHapticPattern.mm:487   +[CHHapticPattern patternForKey:error:]: Failed to read pattern library data: Error Domain=NSCocoaErrorDomain Code=260 "파일이 존재하지 않기 때문에 ‘hapticpatternlibrary.plist’ 파일을 열 수 없습니다." UserInfo={NSFilePath=/Library/Audio/Tunings/Generic/Haptics/Library/hapticpatternlibrary.plist, NSURL=file:///Library/Audio/Tunings/Generic/Haptics/Library/hapticpatternlibrary.plist, NSUnderlyingError=0x13fc420a0 {Error Domain=NSPOSIXErrorDomain Code=2 "No such file or directory"}}
2026-07-27 06:10:00.035 E  app[50640:541b49] [com.apple.UIKit:UIKBFeedbackGenerator] <_UIKBFeedbackGenerator: 0x13c465080>: Error creating CHHapticPattern: Error Domain=NSCocoaErrorDomain Code=260 "파일이 존재하지 않기 때문에 ‘hapticpatternlibrary.plist’ 파일을 열 수 없습니다." UserInfo={NSFilePath=/Library/Audio/Tunings/Generic/Haptics/Library/hapticpatternlibrary.plist, NSURL=file:///Library/Audio/Tunings/Generic/Haptics/Library/hapticpatternlibrary.plist, NSUnderlyingError=0x13fc420a0 {Error Domain=NSPOSIXErrorDomain Code=2 "No such file or directory"}}
2026-07-27 06:10:00.035 E  app[50640:541b49] (CoreHaptics)        CHHapticPattern.mm:487   +[CHHapticPattern patternForKey:error:]: Failed to read pattern library data: Error Domain=NSCocoaErrorDomain Code=260 "파일이 존재하지 않기 때문에 ‘hapticpatternlibrary.plist’ 파일을 열 수 없습니다." UserInfo={NSFilePath=/Library/Audio/Tunings/Generic/Haptics/Library/hapticpatternlibrary.plist, NSURL=file:///Library/Audio/Tunings/Generic/Haptics/Library/hapticpatternlibrary.plist, NSUnderlyingError=0x13fc418f0 {Error Domain=NSPOSIXErrorDomain Code=2 "No such file or directory"}}
2026-07-27 06:10:00.035 E  app[50640:541b49] [com.apple.UIKit:UIKBFeedbackGenerator] <_UIKBFeedbackGenerator: 0x13c465080>: Error creating CHHapticPattern: Error Domain=NSCocoaErrorDomain Code=260 "파일이 존재하지 않기 때문에 ‘hapticpatternlibrary.plist’ 파일을 열 수 없습니다." UserInfo={NSFilePath=/Library/Audio/Tunings/Generic/Haptics/Library/hapticpatternlibrary.plist, NSURL=file:///Library/Audio/Tunings/Generic/Haptics/Library/hapticpatternlibrary.plist, NSUnderlyingError=0x13fc418f0 {Error Domain=NSPOSIXErrorDomain Code=2 "No such file or directory"}}
2026-07-27 06:10:00.035 E  app[50640:541b49] (CoreHaptics)        CHHapticPattern.mm:487   +[CHHapticPattern patternForKey:error:]: Failed to read pattern library data: Error Domain=NSCocoaErrorDomain Code=260 "파일이 존재하지 않기 때문에 ‘hapticpatternlibrary.plist’ 파일을 열 수 없습니다." UserInfo={NSFilePath=/Library/Audio/Tunings/Generic/Haptics/Library/hapticpatternlibrary.plist, NSURL=file:///Library/Audio/Tunings/Generic/Haptics/Library/hapticpatternlibrary.plist, NSUnderlyingError=0x13fc420a0 {Error Domain=NSPOSIXErrorDomain Code=2 "No such file or directory"}}
2026-07-27 06:10:00.036 E  app[50640:541b49] [com.apple.UIKit:UIKBFeedbackGenerator] <_UIKBFeedbackGenerator: 0x13c465080>: Error creating CHHapticPattern: Error Domain=NSCocoaErrorDomain Code=260 "파일이 존재하지 않기 때문에 ‘hapticpatternlibrary.plist’ 파일을 열 수 없습니다." UserInfo={NSFilePath=/Library/Audio/Tunings/Generic/Haptics/Library/hapticpatternlibrary.plist, NSURL=file:///Library/Audio/Tunings/Generic/Haptics/Library/hapticpatternlibrary.plist, NSUnderlyingError=0x13fc420a0 {Error Domain=NSPOSIXErrorDomain Code=2 "No such file or directory"}}
2026-07-27 06:10:00.036 E  app[50640:541b49] (CoreHaptics)        CHHapticPattern.mm:487   +[CHHapticPattern patternForKey:error:]: Failed to read pattern library data: Error Domain=NSCocoaErrorDomain Code=260 "파일이 존재하지 않기 때문에 ‘hapticpatternlibrary.plist’ 파일을 열 수 없습니다." UserInfo={NSFilePath=/Library/Audio/Tunings/Generic/Haptics/Library/hapticpatternlibrary.plist, NSURL=file:///Library/Audio/Tunings/Generic/Haptics/Library/hapticpatternlibrary.plist, NSUnderlyingError=0x13fc418f0 {Error Domain=NSPOSIXErrorDomain Code=2 "No such file or directory"}}
2026-07-27 06:10:00.037 E  app[50640:541b49] [com.apple.UIKit:UIKBFeedbackGenerator] <_UIKBFeedbackGenerator: 0x13c465080>: Error creating CHHapticPattern: Error Domain=NSCocoaErrorDomain Code=260 "파일이 존재하지 않기 때문에 ‘hapticpatternlibrary.plist’ 파일을 열 수 없습니다." UserInfo={NSFilePath=/Library/Audio/Tunings/Generic/Haptics/Library/hapticpatternlibrary.plist, NSURL=file:///Library/Audio/Tunings/Generic/Haptics/Library/hapticpatternlibrary.plist, NSUnderlyingError=0x13fc418f0 {Error Domain=NSPOSIXErrorDomain Code=2 "No such file or directory"}}
2026-07-27 06:10:00.038 E  app[50640:541b49] (CoreHaptics)        CHHapticPattern.mm:487   +[CHHapticPattern patternForKey:error:]: Failed to read pattern library data: Error Domain=NSCocoaErrorDomain Code=260 "파일이 존재하지 않기 때문에 ‘hapticpatternlibrary.plist’ 파일을 열 수 없습니다." UserInfo={NSFilePath=/Library/Audio/Tunings/Generic/Haptics/Library/hapticpatternlibrary.plist, NSURL=file:///Library/Audio/Tunings/Generic/Haptics/Library/hapticpatternlibrary.plist, NSUnderlyingError=0x13fc420a0 {Error Domain=NSPOSIXErrorDomain Code=2 "No such file or directory"}}
2026-07-27 06:10:00.039 E  app[50640:541b49] [com.apple.UIKit:UIKBFeedbackGenerator] <_UIKBFeedbackGenerator: 0x13c465080>: Error creating CHHapticPattern: Error Domain=NSCocoaErrorDomain Code=260 "파일이 존재하지 않기 때문에 ‘hapticpatternlibrary.plist’ 파일을 열 수 없습니다." UserInfo={NSFilePath=/Library/Audio/Tunings/Generic/Haptics/Library/hapticpatternlibrary.plist, NSURL=file:///Library/Audio/Tunings/Generic/Haptics/Library/hapticpatternlibrary.plist, NSUnderlyingError=0x13fc420a0 {Error Domain=NSPOSIXErrorDomain Code=2 "No such file or directory"}}
2026-07-27 06:10:00.040 E  app[50640:541b49] (CoreHaptics)        CHHapticPattern.mm:487   +[CHHapticPattern patternForKey:error:]: Failed to read pattern library data: Error Domain=NSCocoaErrorDomain Code=260 "파일이 존재하지 않기 때문에 ‘hapticpatternlibrary.plist’ 파일을 열 수 없습니다." UserInfo={NSFilePath=/Library/Audio/Tunings/Generic/Haptics/Library/hapticpatternlibrary.plist, NSURL=file:///Library/Audio/Tunings/Generic/Haptics/Library/hapticpatternlibrary.plist, NSUnderlyingError=0x13fc418f0 {Error Domain=NSPOSIXErrorDomain Code=2 "No such file or directory"}}
2026-07-27 06:10:00.041 E  app[50640:541b49] [com.apple.UIKit:UIKBFeedbackGenerator] <_UIKBFeedbackGenerator: 0x13c465080>: Error creating CHHapticPattern: Error Domain=NSCocoaErrorDomain Code=260 "파일이 존재하지 않기 때문에 ‘hapticpatternlibrary.plist’ 파일을 열 수 없습니다." UserInfo={NSFilePath=/Library/Audio/Tunings/Generic/Haptics/Library/hapticpatternlibrary.plist, NSURL=file:///Library/Audio/Tunings/Generic/Haptics/Library/hapticpatternlibrary.plist, NSUnderlyingError=0x13fc418f0 {Error Domain=NSPOSIXErrorDomain Code=2 "No such file or directory"}}
2026-07-27 06:10:00.042 E  app[50640:541b49] (CoreHaptics)        CHHapticPattern.mm:487   +[CHHapticPattern patternForKey:error:]: Failed to read pattern library data: Error Domain=NSCocoaErrorDomain Code=260 "파일이 존재하지 않기 때문에 ‘hapticpatternlibrary.plist’ 파일을 열 수 없습니다." UserInfo={NSFilePath=/Library/Audio/Tunings/Generic/Haptics/Library/hapticpatternlibrary.plist, NSURL=file:///Library/Audio/Tunings/Generic/Haptics/Library/hapticpatternlibrary.plist, NSUnderlyingError=0x13fc420a0 {Error Domain=NSPOSIXErrorDomain Code=2 "No such file or directory"}}
2026-07-27 06:10:00.042 E  app[50640:541b49] [com.apple.UIKit:UIKBFeedbackGenerator] <_UIKBFeedbackGenerator: 0x13c465080>: Error creating CHHapticPattern: Error Domain=NSCocoaErrorDomain Code=260 "파일이 존재하지 않기 때문에 ‘hapticpatternlibrary.plist’ 파일을 열 수 없습니다." UserInfo={NSFilePath=/Library/Audio/Tunings/Generic/Haptics/Library/hapticpatternlibrary.plist, NSURL=file:///Library/Audio/Tunings/Generic/Haptics/Library/hapticpatternlibrary.plist, NSUnderlyingError=0x13fc420a0 {Error Domain=NSPOSIXErrorDomain Code=2 "No such file or directory"}}
2026-07-27 06:10:00.043 E  app[50640:541b49] (CoreHaptics)        CHHapticPattern.mm:487   +[CHHapticPattern patternForKey:error:]: Failed to read pattern library data: Error Domain=NSCocoaErrorDomain Code=260 "파일이 존재하지 않기 때문에 ‘hapticpatternlibrary.plist’ 파일을 열 수 없습니다." UserInfo={NSFilePath=/Library/Audio/Tunings/Generic/Haptics/Library/hapticpatternlibrary.plist, NSURL=file:///Library/Audio/Tunings/Generic/Haptics/Library/hapticpatternlibrary.plist, NSUnderlyingError=0x13fc418f0 {Error Domain=NSPOSIXErrorDomain Code=2 "No such file or directory"}}
2026-07-27 06:10:00.044 E  app[50640:541b49] [com.apple.UIKit:UIKBFeedbackGenerator] <_UIKBFeedbackGenerator: 0x13c465080>: Error creating CHHapticPattern: Error Domain=NSCocoaErrorDomain Code=260 "파일이 존재하지 않기 때문에 ‘hapticpatternlibrary.plist’ 파일을 열 수 없습니다." UserInfo={NSFilePath=/Library/Audio/Tunings/Generic/Haptics/Library/hapticpatternlibrary.plist, NSURL=file:///Library/Audio/Tunings/Generic/Haptics/Library/hapticpatternlibrary.plist, NSUnderlyingError=0x13fc418f0 {Error Domain=NSPOSIXErrorDomain Code=2 "No such file or directory"}}
2026-07-27 06:10:00.044 E  app[50640:541b49] (CoreHaptics)        CHHapticPattern.mm:487   +[CHHapticPattern patternForKey:error:]: Failed to read pattern library data: Error Domain=NSCocoaErrorDomain Code=260 "파일이 존재하지 않기 때문에 ‘hapticpatternlibrary.plist’ 파일을 열 수 없습니다." UserInfo={NSFilePath=/Library/Audio/Tunings/Generic/Haptics/Library/hapticpatternlibrary.plist, NSURL=file:///Library/Audio/Tunings/Generic/Haptics/Library/hapticpatternlibrary.plist, NSUnderlyingError=0x13fc420a0 {Error Domain=NSPOSIXErrorDomain Code=2 "No such file or directory"}}
2026-07-27 06:10:00.044 E  app[50640:541b49] [com.apple.UIKit:UIKBFeedbackGenerator] <_UIKBFeedbackGenerator: 0x13c465080>: Error creating CHHapticPattern: Error Domain=NSCocoaErrorDomain Code=260 "파일이 존재하지 않기 때문에 ‘hapticpatternlibrary.plist’ 파일을 열 수 없습니다." UserInfo={NSFilePath=/Library/Audio/Tunings/Generic/Haptics/Library/hapticpatternlibrary.plist, NSURL=file:///Library/Audio/Tunings/Generic/Haptics/Library/hapticpatternlibrary.plist, NSUnderlyingError=0x13fc420a0 {Error Domain=NSPOSIXErrorDomain Code=2 "No such file or directory"}}
2026-07-27 06:10:05.035 Df app[50640:541fc2] [com.apple.securityd:SecError] SecTrustReportNetworkingAnalytics failed with error: -4
2026-07-27 06:10:05.044 Df app[50640:541fc2] [com.apple.securityd:SecError] SecTrustReportNetworkingAnalytics failed with error: -4
2026-07-27 06:10:05.045 Df app[50640:541fc2] [com.apple.securityd:SecError] SecTrustReportNetworkingAnalytics failed with error: -4
2026-07-27 06:10:05.127 Df app[50640:542a79] [com.apple.BoardServices:XPCErrors] [S:4] Alloc 50640:FBWorkspace-com.mediology.sinsin-care
2026-07-27 06:10:05.252 Df app[50640:5414ae] [com.apple.BoardServices:XPCErrors] [C:5] Alloc 50640:FBWorkspace-com.mediology.sinsin-care
2026-07-27 06:10:05.252 Df app[50640:542a77] [com.apple.BoardServices:XPCErrors] [S:6] Alloc 50640:FBWorkspace-com.mediology.sinsin-care
2026-07-27 06:10:05.270 Df app[50640:5414ae] [com.apple.BoardServices:XPCErrors] [C:7] Alloc com.apple.uikit.viewservice.com.apple.SafariViewService
Set CGBITMAP_CONTEXT_LOG_ERRORS environmental variable to see more details.
2026-07-27 06:10:05.626 Df app[50640:542a76] [com.apple.securityd:SecError] SecTrustReportNetworkingAnalytics failed with error: -4
2026-07-27 06:10:05.629 Df app[50640:542a76] [com.apple.securityd:SecError] SecTrustReportNetworkingAnalytics failed with error: -4
2026-07-27 06:10:05.630 Df app[50640:542a76] [com.apple.securityd:SecError] SecTrustReportNetworkingAnalytics failed with error: -4
2026-07-27 06:10:05.630 E  app[50640:542a77] [com.apple.network:connection] nw_socket_handle_socket_event [C26:2] Socket SO_ERROR [61: Connection refused]
2026-07-27 06:10:05.630 E  app[50640:542a77] [com.apple.network:connection] nw_endpoint_flow_failed_with_error [C26 IPv4#b6e7d026:9 in_progress socket-flow (satisfied (Path is satisfied), interface: lo0)] already failing, returning
2026-07-27 06:10:05.630 Df app[50640:542a77] [com.apple.network:connection] [C26 IPv4#b6e7d026:9 failed socket-flow (satisfied (Path is satisfied), interface: lo0)] event: flow:failed_connect @0.003s, error Connection refused
2026-07-27 06:10:05.630 Df app[50640:542a77] [com.apple.network:connection] nw_connection_report_state_with_handler_on_nw_queue [C26] reporting state failed error Connection refused
2026-07-27 06:10:05.630 E  app[50640:542a77] [com.apple.CFNetwork:Default] Connection 26: encountered error(1:61)
2026-07-27 06:10:05.630 Df app[50640:542a76] [com.apple.securityd:SecError] SecTrustReportNetworkingAnalytics failed with error: -4
2026-07-27 06:10:05.631 Df app[50640:542a76] [com.apple.securityd:SecError] SecTrustReportNetworkingAnalytics failed with error: -4
2026-07-27 06:10:05.631 Df app[50640:542a77] [com.apple.network:connection] nw_connection_report_state_with_handler_on_nw_queue [C26] reporting state cancelled error Connection refused
2026-07-27 06:10:05.631 Df app[50640:542a77] [com.apple.CFNetwork:Default] Task <B27AAEFA-ED52-4CF1-B7F9-4973B763F8E4>.<11> can retry(N) with reason(2) for error [1:61]
2026-07-27 06:10:05.631 Df app[50640:542a76] [com.apple.securityd:SecError] SecTrustReportNetworkingAnalytics failed with error: -4
2026-07-27 06:10:05.636 E  app[50640:542a77] [com.apple.CFNetwork:Default] Task <B27AAEFA-ED52-4CF1-B7F9-4973B763F8E4>.<11> HTTP load failed, 0/0 bytes (error code: -1004 [1:61])
2026-07-27 06:10:05.636 E  app[50640:542a77] [com.apple.network:connection] nw_socket_handle_socket_event [C27:2] Socket SO_ERROR [61: Connection refused]
2026-07-27 06:10:05.636 E  app[50640:542a77] [com.apple.network:connection] nw_socket_handle_socket_event [C28:2] Socket SO_ERROR [61: Connection refused]
2026-07-27 06:10:05.636 E  app[50640:542a76] [com.apple.CFNetwork:Default] Task <B27AAEFA-ED52-4CF1-B7F9-4973B763F8E4>.<11> finished with error [-1004] Error Domain=NSURLErrorDomain Code=-1004 "서버에 연결할 수 없습니다." UserInfo={_kCFStreamErrorCodeKey=61, NSUnderlyingError=0x1449697d0 {Error Domain=kCFErrorDomainCFNetwork Code=-1004 "(null)" UserInfo={_NSURLErrorNWPathKey=satisfied (Path is satisfied), interface: lo0, _kCFStreamErrorCodeKey=61, _kCFStreamErrorDomainKey=1}}, _NSURLErrorFailingURLSessionTaskErrorKey=LocalDataTask <B27AAEFA-ED52-4CF1-B7F9-4973B763F8E4>.<11>, _NSURLErrorRelatedURLSessionTaskErrorKey=(
), NSLocalizedDescription=서버에 연결할 수 없습니다., NSErrorFailingURLStringKey=http://127.0.0.1:9/api/v1/user/notification-settings, NSErrorFailingURLKey=http://127.0.0.1:9/api/v1/user/notification-settings, _kCFStreamErrorDomainKey=1}
2026-07-27 06:10:05.636 E  app[50640:541b49] [com.apple.CFNetwork:Default] Task <31BAB22E-57AC-404B-9F14-A620FFE13426>.<10> finished with error [-1004] Error Domain=NSURLErrorDomain Code=-1004 "서버에 연결할 수 없습니다." UserInfo={_kCFStreamErrorCodeKey=61, NSUnderlyingError=0x1449697d0 {Error Domain=kCFErrorDomainCFNetwork Code=-1004 "(null)" UserInfo={_NSURLErrorNWPathKey=satisfied (Path is satisfied), interface: lo0, _kCFStreamErrorCodeKey=61, _kCFStreamErrorDomainKey=1}}, _NSURLErrorFailingURLSessionTaskErrorKey=LocalDataTask <31BAB22E-57AC-404B-9F14-A620FFE13426>.<10>, _NSURLErrorRelatedURLSessionTaskErrorKey=(
), NSLocalizedDescription=서버에 연결할 수 없습니다., NSErrorFailingURLStringKey=http://127.0.0.1:9/api/v1/user/notification-settings, NSErrorFailingURLKey=http://127.0.0.1:9/api/v1/user/notification-settings, _kCFStreamErrorDomainKey=1}
2026-07-27 06:10:05.637 E  app[50640:542a77] [com.apple.network:connection] nw_socket_handle_socket_event [C29:2] Socket SO_ERROR [61: Connection refused]
2026-07-27 06:10:05.637 E  app[50640:542a77] [com.apple.network:connection] nw_socket_handle_socket_event [C30:2] Socket SO_ERROR [61: Connection refused]
2026-07-27 06:10:05.638 E  app[50640:542a77] [com.apple.network:connection] nw_endpoint_flow_failed_with_error [C27 IPv4#b6e7d026:9 in_progress socket-flow (satisfied (Path is satisfied), interface: lo0)] already failing, returning
2026-07-27 06:10:05.638 Df app[50640:542a77] [com.apple.network:connection] [C27 IPv4#b6e7d026:9 failed socket-flow (satisfied (Path is satisfied), interface: lo0)] event: flow:failed_connect @0.006s, error Connection refused
2026-07-27 06:10:05.638 Df app[50640:542a77] [com.apple.network:connection] nw_connection_report_state_with_handler_on_nw_queue [C27] reporting state failed error Connection refused
2026-07-27 06:10:05.638 E  app[50640:542a77] [com.apple.network:connection] nw_endpoint_flow_failed_with_error [C28 IPv4#b6e7d026:9 in_progress socket-flow (satisfied (Path is satisfied), interface: lo0)] already failing, returning
2026-07-27 06:10:05.638 Df app[50640:542a77] [com.apple.network:connection] [C28 IPv4#b6e7d026:9 failed socket-flow (satisfied (Path is satisfied), interface: lo0)] event: flow:failed_connect @0.005s, error Connection refused
2026-07-27 06:10:05.638 Df app[50640:542a77] [com.apple.network:connection] nw_connection_report_state_with_handler_on_nw_queue [C28] reporting state failed error Connection refused
2026-07-27 06:10:05.639 E  app[50640:542a77] [com.apple.network:connection] nw_endpoint_flow_failed_with_error [C29 IPv4#b6e7d026:9 in_progress socket-flow (satisfied (Path is satisfied), interface: lo0)] already failing, returning
2026-07-27 06:10:05.639 Df app[50640:542a77] [com.apple.network:connection] [C29 IPv4#b6e7d026:9 failed socket-flow (satisfied (Path is satisfied), interface: lo0)] event: flow:failed_connect @0.004s, error Connection refused
2026-07-27 06:10:05.639 Df app[50640:542a77] [com.apple.network:connection] nw_connection_report_state_with_handler_on_nw_queue [C29] reporting state failed error Connection refused
2026-07-27 06:10:05.639 E  app[50640:542a77] [com.apple.network:connection] nw_endpoint_flow_failed_with_error [C30 IPv4#b6e7d026:9 in_progress socket-flow (satisfied (Path is satisfied), interface: lo0)] already failing, returning
2026-07-27 06:10:05.639 Df app[50640:542a77] [com.apple.network:connection] [C30 IPv4#b6e7d026:9 failed socket-flow (satisfied (Path is satisfied), interface: lo0)] event: flow:failed_connect @0.003s, error Connection refused
2026-07-27 06:10:05.639 Df app[50640:542a77] [com.apple.network:connection] nw_connection_report_state_with_handler_on_nw_queue [C30] reporting state failed error Connection refused
2026-07-27 06:10:05.639 E  app[50640:542a77] [com.apple.CFNetwork:Default] Connection 27: encountered error(1:61)
2026-07-27 06:10:05.640 Df app[50640:542a77] [com.apple.network:connection] nw_connection_report_state_with_handler_on_nw_queue [C27] reporting state cancelled error Connection refused
2026-07-27 06:10:05.640 Df app[50640:542a77] [com.apple.CFNetwork:Default] Task <1831EA38-CDC4-402F-B959-C6DA399EA388>.<12> can retry(N) with reason(2) for error [1:61]
2026-07-27 06:10:05.641 E  app[50640:542a77] [com.apple.CFNetwork:Default] Connection 28: encountered error(1:61)
2026-07-27 06:10:05.641 Df app[50640:542a77] [com.apple.network:connection] nw_connection_report_state_with_handler_on_nw_queue [C28] reporting state cancelled error Connection refused
2026-07-27 06:10:05.641 Df app[50640:542a77] [com.apple.CFNetwork:Default] Task <5DEA2119-2F76-4171-89B7-86AFE38525A8>.<13> can retry(N) with reason(2) for error [1:61]
2026-07-27 06:10:05.642 E  app[50640:542a77] [com.apple.CFNetwork:Default] Connection 29: encountered error(1:61)
2026-07-27 06:10:05.642 Df app[50640:542a76] [com.apple.securityd:SecError] SecTrustReportNetworkingAnalytics failed with error: -4
2026-07-27 06:10:05.644 Df app[50640:542a77] [com.apple.network:connection] nw_connection_report_state_with_handler_on_nw_queue [C29] reporting state cancelled error Connection refused
2026-07-27 06:10:05.644 Df app[50640:542a77] [com.apple.CFNetwork:Default] Task <58B96D1A-A2E9-4515-BAD0-23CB1C05D6D9>.<14> can retry(N) with reason(2) for error [1:61]
2026-07-27 06:10:05.645 E  app[50640:542a77] [com.apple.CFNetwork:Default] Connection 30: encountered error(1:61)
2026-07-27 06:10:05.646 Df app[50640:542a76] [com.apple.securityd:SecError] SecTrustReportNetworkingAnalytics failed with error: -4
2026-07-27 06:10:05.647 Df app[50640:542a77] [com.apple.network:connection] nw_connection_report_state_with_handler_on_nw_queue [C30] reporting state cancelled error Connection refused
2026-07-27 06:10:05.647 Df app[50640:542a77] [com.apple.CFNetwork:Default] Task <A10FF06D-0443-446C-A2B8-43D517A9DA0E>.<15> can retry(N) with reason(2) for error [1:61]
2026-07-27 06:10:05.647 E  app[50640:542a77] [com.apple.CFNetwork:Default] Task <1831EA38-CDC4-402F-B959-C6DA399EA388>.<12> HTTP load failed, 0/0 bytes (error code: -1004 [1:61])
2026-07-27 06:10:05.647 E  app[50640:542a77] [com.apple.CFNetwork:Default] Task <5DEA2119-2F76-4171-89B7-86AFE38525A8>.<13> HTTP load failed, 0/0 bytes (error code: -1004 [1:61])
2026-07-27 06:10:05.647 E  app[50640:542a77] [com.apple.CFNetwork:Default] Task <58B96D1A-A2E9-4515-BAD0-23CB1C05D6D9>.<14> HTTP load failed, 0/0 bytes (error code: -1004 [1:61])
2026-07-27 06:10:05.647 E  app[50640:542a77] [com.apple.CFNetwork:Default] Task <A10FF06D-0443-446C-A2B8-43D517A9DA0E>.<15> HTTP load failed, 0/0 bytes (error code: -1004 [1:61])
2026-07-27 06:10:05.647 E  app[50640:541b49] [com.apple.CFNetwork:Default] Task <1831EA38-CDC4-402F-B959-C6DA399EA388>.<12> finished with error [-1004] Error Domain=NSURLErrorDomain Code=-1004 "서버에 연결할 수 없습니다." UserInfo={_kCFStreamErrorCodeKey=61, NSUnderlyingError=0x13e4cc2d0 {Error Domain=kCFErrorDomainCFNetwork Code=-1004 "(null)" UserInfo={_NSURLErrorNWPathKey=satisfied (Path is satisfied), interface: lo0, _kCFStreamErrorCodeKey=61, _kCFStreamErrorDomainKey=1}}, _NSURLErrorFailingURLSessionTaskErrorKey=LocalDataTask <1831EA38-CDC4-402F-B959-C6DA399EA388>.<12>, _NSURLErrorRelatedURLSessionTaskErrorKey=(
), NSLocalizedDescription=서버에 연결할 수 없습니다., NSErrorFailingURLStringKey=http://127.0.0.1:9/api/v1/food-camera/statistics/diary-existence?startDate=2026-07-01&endDate=2026-07-31, NSErrorFailingURLKey=http://127.0.0.1:9/api/v1/food-camera/statistics/diary-existence?startDate=2026-07-01&endDate=2026-07-31, _kCFStreamErrorDomainKey=1}
2026-07-27 06:10:05.647 E  app[50640:541b49] [com.apple.CFNetwork:Default] Task <5DEA2119-2F76-4171-89B7-86AFE38525A8>.<13> finished with error [-1004] Error Domain=NSURLErrorDomain Code=-1004 "서버에 연결할 수 없습니다." UserInfo={_kCFStreamErrorCodeKey=61, NSUnderlyingError=0x14496b300 {Error Domain=kCFErrorDomainCFNetwork Code=-1004 "(null)" UserInfo={_NSURLErrorNWPathKey=satisfied (Path is satisfied), interface: lo0, _kCFStreamErrorCodeKey=61, _kCFStreamErrorDomainKey=1}}, _NSURLErrorFailingURLSessionTaskErrorKey=LocalDataTask <5DEA2119-2F76-4171-89B7-86AFE38525A8>.<13>, _NSURLErrorRelatedURLSessionTaskErrorKey=(
), NSLocalizedDescription=서버에 연결할 수 없습니다., NSErrorFailingURLStringKey=http://127.0.0.1:9/api/v1/food-camera/statistics/diary-existence?startDate=2026-06-28&endDate=2026-07-27, NSErrorFailingURLKey=http://127.0.0.1:9/api/v1/food-camera/statistics/diary-existence?startDate=2026-06-28&endDate=2026-07-27, _kCFStreamErrorDomainKey=1}
2026-07-27 06:10:05.647 E  app[50640:541b49] [com.apple.CFNetwork:Default] Task <58B96D1A-A2E9-4515-BAD0-23CB1C05D6D9>.<14> finished with error [-1004] Error Domain=NSURLErrorDomain Code=-1004 "서버에 연결할 수 없습니다." UserInfo={_kCFStreamErrorCodeKey=61, NSUnderlyingError=0x14496b5a0 {Error Domain=kCFErrorDomainCFNetwork Code=-1004 "(null)" UserInfo={_NSURLErrorNWPathKey=satisfied (Path is satisfied), interface: lo0, _kCFStreamErrorCodeKey=61, _kCFStreamErrorDomainKey=1}}, _NSURLErrorFailingURLSessionTaskErrorKey=LocalDataTask <58B96D1A-A2E9-4515-BAD0-23CB1C05D6D9>.<14>, _NSURLErrorRelatedURLSessionTaskErrorKey=(
), NSLocalizedDescription=서버에 연결할 수 없습니다., NSErrorFailingURLStringKey=http://127.0.0.1:9/api/v1/food-camera/statistics/diary-existence?startDate=2026-07-27&endDate=2026-08-02, NSErrorFailingURLKey=http://127.0.0.1:9/api/v1/food-camera/statistics/diary-existence?startDate=2026-07-27&endDate=2026-08-02, _kCFStreamErrorDomainKey=1}
2026-07-27 06:10:05.647 E  app[50640:542a77] [com.apple.CFNetwork:Default] Task <9D6B1602-665B-4FD3-8B4F-438AC3918789>.<11> finished with error [-1004] Error Domain=NSURLErrorDomain Code=-1004 "서버에 연결할 수 없습니다." UserInfo={_kCFStreamErrorCodeKey=61, NSUnderlyingError=0x13e4cc2d0 {Error Domain=kCFErrorDomainCFNetwork Code=-1004 "(null)" UserInfo={_NSURLErrorNWPathKey=satisfied (Path is satisfied), interface: lo0, _kCFStreamErrorCodeKey=61, _kCFStreamErrorDomainKey=1}}, _NSURLErrorFailingURLSessionTaskErrorKey=LocalDataTask <9D6B1602-665B-4FD3-8B4F-438AC3918789>.<11>, _NSURLErrorRelatedURLSessionTaskErrorKey=(
), NSLocalizedDescription=서버에 연결할 수 없습니다., NSErrorFailingURLStringKey=http://127.0.0.1:9/api/v1/food-camera/statistics/diary-existence?startDate=2026-07-01&endDate=2026-07-31, NSErrorFailingURLKey=http://127.0.0.1:9/api/v1/food-camera/statistics/diary-existence?startDate=2026-07-01&endDate=2026-07-31, _kCFStreamEr
2026-07-27 06:10:05.647 Df app[50640:542a76] [com.apple.securityd:SecError] SecTrustReportNetworkingAnalytics failed with error: -4
2026-07-27 06:10:05.648 E  app[50640:541b49] [com.apple.CFNetwork:Default] Task <A10FF06D-0443-446C-A2B8-43D517A9DA0E>.<15> finished with error [-1004] Error Domain=NSURLErrorDomain Code=-1004 "서버에 연결할 수 없습니다." UserInfo={_kCFStreamErrorCodeKey=61, NSUnderlyingError=0x144968180 {Error Domain=kCFErrorDomainCFNetwork Code=-1004 "(null)" UserInfo={_NSURLErrorNWPathKey=satisfied (Path is satisfied), interface: lo0, _kCFStreamErrorCodeKey=61, _kCFStreamErrorDomainKey=1}}, _NSURLErrorFailingURLSessionTaskErrorKey=LocalDataTask <A10FF06D-0443-446C-A2B8-43D517A9DA0E>.<15>, _NSURLErrorRelatedURLSessionTaskErrorKey=(
), NSLocalizedDescription=서버에 연결할 수 없습니다., NSErrorFailingURLStringKey=http://127.0.0.1:9/api/v1/notices/active-popup, NSErrorFailingURLKey=http://127.0.0.1:9/api/v1/notices/active-popup, _kCFStreamErrorDomainKey=1}
2026-07-27 06:10:05.648 E  app[50640:542a77] [com.apple.CFNetwork:Default] Task <58CB522F-7FB7-4B51-A082-6EC85C651B24>.<12> finished with error [-1004] Error Domain=NSURLErrorDomain Code=-1004 "서버에 연결할 수 없습니다." UserInfo={_kCFStreamErrorCodeKey=61, NSUnderlyingError=0x14496b300 {Error Domain=kCFErrorDomainCFNetwork Code=-1004 "(null)" UserInfo={_NSURLErrorNWPathKey=satisfied (Path is satisfied), interface: lo0, _kCFStreamErrorCodeKey=61, _kCFStreamErrorDomainKey=1}}, _NSURLErrorFailingURLSessionTaskErrorKey=LocalDataTask <58CB522F-7FB7-4B51-A082-6EC85C651B24>.<12>, _NSURLErrorRelatedURLSessionTaskErrorKey=(
), NSLocalizedDescription=서버에 연결할 수 없습니다., NSErrorFailingURLStringKey=http://127.0.0.1:9/api/v1/food-camera/statistics/diary-existence?startDate=2026-06-28&endDate=2026-07-27, NSErrorFailingURLKey=http://127.0.0.1:9/api/v1/food-camera/statistics/diary-existence?startDate=2026-06-28&endDate=2026-07-27, _kCFStreamEr
2026-07-27 06:10:05.648 E  app[50640:542a77] [com.apple.CFNetwork:Default] Task <5FA52D60-42ED-4643-94F8-4319EA90DE1A>.<13> finished with error [-1004] Error Domain=NSURLErrorDomain Code=-1004 "서버에 연결할 수 없습니다." UserInfo={_kCFStreamErrorCodeKey=61, NSUnderlyingError=0x14496b5a0 {Error Domain=kCFErrorDomainCFNetwork Code=-1004 "(null)" UserInfo={_NSURLErrorNWPathKey=satisfied (Path is satisfied), interface: lo0, _kCFStreamErrorCodeKey=61, _kCFStreamErrorDomainKey=1}}, _NSURLErrorFailingURLSessionTaskErrorKey=LocalDataTask <5FA52D60-42ED-4643-94F8-4319EA90DE1A>.<13>, _NSURLErrorRelatedURLSessionTaskErrorKey=(
), NSLocalizedDescription=서버에 연결할 수 없습니다., NSErrorFailingURLStringKey=http://127.0.0.1:9/api/v1/food-camera/statistics/diary-existence?startDate=2026-07-27&endDate=2026-08-02, NSErrorFailingURLKey=http://127.0.0.1:9/api/v1/food-camera/statistics/diary-existence?startDate=2026-07-27&endDate=2026-08-02, _kCFStreamEr
2026-07-27 06:10:05.648 E  app[50640:542a77] [com.apple.CFNetwork:Default] Task <DF80AC6B-DD10-4479-B5C5-B6BD4C1BF978>.<14> finished with error [-1004] Error Domain=NSURLErrorDomain Code=-1004 "서버에 연결할 수 없습니다." UserInfo={_kCFStreamErrorCodeKey=61, NSUnderlyingError=0x144968180 {Error Domain=kCFErrorDomainCFNetwork Code=-1004 "(null)" UserInfo={_NSURLErrorNWPathKey=satisfied (Path is satisfied), interface: lo0, _kCFStreamErrorCodeKey=61, _kCFStreamErrorDomainKey=1}}, _NSURLErrorFailingURLSessionTaskErrorKey=LocalDataTask <DF80AC6B-DD10-4479-B5C5-B6BD4C1BF978>.<14>, _NSURLErrorRelatedURLSessionTaskErrorKey=(
), NSLocalizedDescription=서버에 연결할 수 없습니다., NSErrorFailingURLStringKey=http://127.0.0.1:9/api/v1/notices/active-popup, NSErrorFailingURLKey=http://127.0.0.1:9/api/v1/notices/active-popup, _kCFStreamErrorDomainKey=1}
2026-07-27 06:10:05.649 Df app[50640:542a76] [com.apple.securityd:SecError] SecTrustReportNetworkingAnalytics failed with error: -4
2026-07-27 06:10:05.960 Df app[50640:542a77] [com.apple.UserNotifications:Connections] [com.mediology.sinsin-care] Added notification request: [ hasError: 0 hasCompletionHandler: 1 ]
2026-07-27 06:10:21.464 Df app[53193:542c54] [com.apple.BoardServices:XPCErrors] [C:1] Alloc com.apple.frontboard.systemappservices
2026-07-27 06:10:21.472 Df app[53193:542c22] [com.apple.runningboard:general] Added observer for process assertions expiration warning: <_RBSExpirationWarningClient: 0x1029a1140>
2026-07-27 06:10:21.537 Df app[53193:542c22] [com.apple.BoardServices:XPCErrors] [C:2] Alloc com.apple.backboard.hid-services.xpc
2026-07-27 06:10:21.613 Df app[53193:542c5b] [com.apple.securityd:SecError] SecTrustReportNetworkingAnalytics failed with error: -4
2026-07-27 06:10:21.649 Df app[53193:542c5c] [com.apple.securityd:SecError] SecTrustReportNetworkingAnalytics failed with error: -4
2026-07-27 06:10:23.777 Df app[53193:542c55] [com.apple.securityd:SecError] SecTrustReportNetworkingAnalytics failed with error: -4
2026-07-27 06:10:24.699 E  app[53193:542c59] [com.apple.network:connection] nw_socket_handle_socket_event [C10:1] Socket SO_ERROR [61: Connection refused]
2026-07-27 06:10:24.699 E  app[53193:542c59] [com.apple.network:connection] nw_endpoint_flow_failed_with_error [C10 IPv4#4a1408b1:8097 in_progress socket-flow (satisfied (Path is satisfied), interface: lo0)] already failing, returning
2026-07-27 06:10:24.699 Df app[53193:542c59] [com.apple.network:connection] [C10 IPv4#4a1408b1:8097 failed socket-flow (satisfied (Path is satisfied), interface: lo0)] event: flow:failed_connect @0.000s, error Connection refused
2026-07-27 06:10:24.699 Df app[53193:542c59] [com.apple.network:connection] nw_connection_report_state_with_handler_on_nw_queue [C10] reporting state failed error Connection refused
2026-07-27 06:10:24.699 E  app[53193:542c55] [com.apple.CFNetwork:Default] TCP Conn 0x106895ea0 Failed : error 0:61 [61]
2026-07-27 06:10:24.699 Df app[53193:542c55] [com.apple.network:connection] nw_connection_report_state_with_handler_on_nw_queue [C10] reporting state cancelled error Connection refused
2026-07-27 06:10:26.109 Df app[53193:542c5a] [com.apple.securityd:SecError] SecTrustReportNetworkingAnalytics failed with error: -4
2026-07-27 06:10:26.110 E  app[53193:542c5b] [com.apple.network:connection] nw_socket_handle_socket_event [C13:2] Socket SO_ERROR [61: Connection refused]
2026-07-27 06:10:26.110 E  app[53193:542c5b] [com.apple.network:connection] nw_endpoint_flow_failed_with_error [C13 IPv4#5d0fd451:9 in_progress socket-flow (satisfied (Path is satisfied), interface: lo0)] already failing, returning
2026-07-27 06:10:26.110 Df app[53193:542c5b] [com.apple.network:connection] [C13 IPv4#5d0fd451:9 failed socket-flow (satisfied (Path is satisfied), interface: lo0)] event: flow:failed_connect @0.001s, error Connection refused
2026-07-27 06:10:26.110 Df app[53193:542c5b] [com.apple.network:connection] nw_connection_report_state_with_handler_on_nw_queue [C13] reporting state failed error Connection refused
2026-07-27 06:10:26.110 E  app[53193:542c5b] [com.apple.CFNetwork:Default] Connection 13: encountered error(1:61)
2026-07-27 06:10:26.111 Df app[53193:542c5b] [com.apple.network:connection] nw_connection_report_state_with_handler_on_nw_queue [C13] reporting state cancelled error Connection refused
2026-07-27 06:10:26.111 Df app[53193:542c5b] [com.apple.CFNetwork:Default] Task <9ABEC8D0-671C-4767-B216-6186BA036E31>.<2> can retry(N) with reason(2) for error [1:61]
2026-07-27 06:10:26.111 E  app[53193:542c5b] [com.apple.CFNetwork:Default] Task <9ABEC8D0-671C-4767-B216-6186BA036E31>.<2> HTTP load failed, 0/0 bytes (error code: -1004 [1:61])
2026-07-27 06:10:26.112 Df app[53193:542c5a] [com.apple.securityd:SecError] SecTrustReportNetworkingAnalytics failed with error: -4
2026-07-27 06:10:26.113 E  app[53193:542c5b] [com.apple.CFNetwork:Default] Task <9ABEC8D0-671C-4767-B216-6186BA036E31>.<2> finished with error [-1004] Error Domain=NSURLErrorDomain Code=-1004 "서버에 연결할 수 없습니다." UserInfo={_kCFStreamErrorCodeKey=61, NSUnderlyingError=0x131bc9980 {Error Domain=kCFErrorDomainCFNetwork Code=-1004 "(null)" UserInfo={_NSURLErrorNWPathKey=satisfied (Path is satisfied), interface: lo0, _kCFStreamErrorCodeKey=61, _kCFStreamErrorDomainKey=1}}, _NSURLErrorFailingURLSessionTaskErrorKey=LocalDataTask <9ABEC8D0-671C-4767-B216-6186BA036E31>.<2>, _NSURLErrorRelatedURLSessionTaskErrorKey=(
), NSLocalizedDescription=서버에 연결할 수 없습니다., NSErrorFailingURLStringKey=http://127.0.0.1:9/public/mobile-policy?platform=ios&environment=test&appVersion=1.1.2&buildNumber=4&apiContractVersion=1, NSErrorFailingURLKey=http://127.0.0.1:9/public/mobile-policy?platform=ios&environment=test&appVersion=1.1.2&buildNumber=4&apiContractVersion=1, _kCFStreamErrorDomainKey=1}
2026-07-27 06:10:26.113 E  app[53193:542c52] [com.apple.CFNetwork:Default] Task <28943380-2A17-4B47-BBD7-667B87DF13E4>.<1> finished with error [-1004] Error Domain=NSURLErrorDomain Code=-1004 "서버에 연결할 수 없습니다." UserInfo={_kCFStreamErrorCodeKey=61, NSUnderlyingError=0x131bc9980 {Error Domain=kCFErrorDomainCFNetwork Code=-1004 "(null)" UserInfo={_NSURLErrorNWPathKey=satisfied (Path is satisfied), interface: lo0, _kCFStreamErrorCodeKey=61, _kCFStreamErrorDomainKey=1}}, _NSURLErrorFailingURLSessionTaskErrorKey=LocalDataTask <28943380-2A17-4B47-BBD7-667B87DF13E4>.<1>, _NSURLErrorRelatedURLSessionTaskErrorKey=(
), NSLocalizedDescription=서버에 연결할 수 없습니다., NSErrorFailingURLStringKey=http://127.0.0.1:9/public/mobile-policy?platform=ios&environment=test&appVersion=1.1.2&buildNumber=4&apiContractVersion=1, NSErrorFailingURLKey=http://127.0.0.1:9/public/mobile-policy?platform=ios&environment=test&appVersion=1.1.2&buildNumber=4&apiC
2026-07-27 06:10:26.130 Df app[53193:542c59] [com.apple.securityd:SecError] SecTrustReportNetworkingAnalytics failed with error: -4
2026-07-27 06:10:26.132 E  app[53193:542c5a] [com.apple.network:connection] nw_socket_handle_socket_event [C14:2] Socket SO_ERROR [61: Connection refused]
2026-07-27 06:10:26.132 E  app[53193:542c5a] [com.apple.network:connection] nw_endpoint_flow_failed_with_error [C14 IPv4#5d0fd451:9 in_progress socket-flow (satisfied (Path is satisfied), interface: lo0)] already failing, returning
2026-07-27 06:10:26.132 Df app[53193:542c5a] [com.apple.network:connection] [C14 IPv4#5d0fd451:9 failed socket-flow (satisfied (Path is satisfied), interface: lo0)] event: flow:failed_connect @0.001s, error Connection refused
2026-07-27 06:10:26.132 Df app[53193:542c5a] [com.apple.network:connection] nw_connection_report_state_with_handler_on_nw_queue [C14] reporting state failed error Connection refused
2026-07-27 06:10:26.133 E  app[53193:542c5a] [com.apple.CFNetwork:Default] Connection 14: encountered error(1:61)
2026-07-27 06:10:26.134 Df app[53193:542c5a] [com.apple.network:connection] nw_connection_report_state_with_handler_on_nw_queue [C14] reporting state cancelled error Connection refused
2026-07-27 06:10:26.135 Df app[53193:542c5a] [com.apple.CFNetwork:Default] Task <8E926B81-F704-4136-A96B-F4CB36044DC3>.<3> can retry(N) with reason(2) for error [1:61]
2026-07-27 06:10:26.135 E  app[53193:542c5a] [com.apple.CFNetwork:Default] Task <8E926B81-F704-4136-A96B-F4CB36044DC3>.<3> HTTP load failed, 0/0 bytes (error code: -1004 [1:61])
2026-07-27 06:10:26.135 E  app[53193:542c5a] [com.apple.CFNetwork:Default] Task <8E926B81-F704-4136-A96B-F4CB36044DC3>.<3> finished with error [-1004] Error Domain=NSURLErrorDomain Code=-1004 "서버에 연결할 수 없습니다." UserInfo={_kCFStreamErrorCodeKey=61, NSUnderlyingError=0x131bc8d20 {Error Domain=kCFErrorDomainCFNetwork Code=-1004 "(null)" UserInfo={_NSURLErrorNWPathKey=satisfied (Path is satisfied), interface: lo0, _kCFStreamErrorCodeKey=61, _kCFStreamErrorDomainKey=1}}, _NSURLErrorFailingURLSessionTaskErrorKey=LocalDataTask <8E926B81-F704-4136-A96B-F4CB36044DC3>.<3>, _NSURLErrorRelatedURLSessionTaskErrorKey=(
), NSLocalizedDescription=서버에 연결할 수 없습니다., NSErrorFailingURLStringKey=http://127.0.0.1:9/public/mobile-policy?platform=ios&environment=test&appVersion=1.1.2&buildNumber=4&apiContractVersion=1, NSErrorFailingURLKey=http://127.0.0.1:9/public/mobile-policy?platform=ios&environment=test&appVersion=1.1.2&buildNumber=4&apiContractVersion=1, _kCFStreamErrorDomainKey=1}
2026-07-27 06:10:26.135 Df app[53193:542c59] [com.apple.securityd:SecError] SecTrustReportNetworkingAnalytics failed with error: -4
2026-07-27 06:10:26.138 E  app[53193:542c59] [com.apple.CFNetwork:Default] Task <1747E9BC-BAFF-4EFB-9E04-E1557F146D0A>.<2> finished with error [-1004] Error Domain=NSURLErrorDomain Code=-1004 "서버에 연결할 수 없습니다." UserInfo={_kCFStreamErrorCodeKey=61, NSUnderlyingError=0x131bc8d20 {Error Domain=kCFErrorDomainCFNetwork Code=-1004 "(null)" UserInfo={_NSURLErrorNWPathKey=satisfied (Path is satisfied), interface: lo0, _kCFStreamErrorCodeKey=61, _kCFStreamErrorDomainKey=1}}, _NSURLErrorFailingURLSessionTaskErrorKey=LocalDataTask <1747E9BC-BAFF-4EFB-9E04-E1557F146D0A>.<2>, _NSURLErrorRelatedURLSessionTaskErrorKey=(
), NSLocalizedDescription=서버에 연결할 수 없습니다., NSErrorFailingURLStringKey=http://127.0.0.1:9/public/mobile-policy?platform=ios&environment=test&appVersion=1.1.2&buildNumber=4&apiContractVersion=1, NSErrorFailingURLKey=http://127.0.0.1:9/public/mobile-policy?platform=ios&environment=test&appVersion=1.1.2&buildNumber=4&apiC
2026-07-27 06:10:26.235 Df app[53193:542c22] [com.apple.BoardServices:XPCErrors] [C:3] Alloc com.apple.inputservice.input-ui-host
2026-07-27 06:10:26.236 Df app[53193:542c22] [com.apple.xpc:connection] [0x106944500] failed to do a bootstrap look-up: xpc_error=[3: No such process]
2026-07-27 06:10:26.722 Df app[53193:542c5b] [com.apple.securityd:SecError] SecTrustReportNetworkingAnalytics failed with error: -4
2026-07-27 06:10:26.734 Df app[53193:542c55] [com.apple.securityd:SecError] SecTrustReportNetworkingAnalytics failed with error: -4
2026-07-27 06:10:26.735 Df app[53193:542c55] [com.apple.securityd:SecError] SecTrustReportNetworkingAnalytics failed with error: -4
Set CGBITMAP_CONTEXT_LOG_ERRORS environmental variable to see more details.
