07-27 05:53:22.086  3492  3492 W unknown:BridgelessReact: ReactHost{0}.startSurface(surfaceId = 0): Schedule
07-27 05:53:22.086  3492  3492 W unknown:BridgelessReact: ReactHost{0}.attachSurface(surfaceId = 0)
07-27 05:53:22.099  3492  3568 W unknown:BridgelessReact: ReactHost{0}.getOrCreateReactInstanceTask()
07-27 05:53:22.100  3492  3568 W unknown:BridgelessReact: ReactHost{0}.getOrCreateReactInstanceTask(): Start
07-27 05:53:22.100  3492  3568 W unknown:BridgelessReact: ReactHost{0}.getJSBundleLoader()
07-27 05:53:22.100  3492  3568 W unknown:BridgelessReact: ReactHost{0}.isMetroRunning()
07-27 05:53:28.174  3589  3589 E DevLauncherController: Failed to hide splash screen
07-27 05:53:28.174  3589  3589 E DevLauncherController: java.lang.ClassNotFoundException: expo.modules.splashscreen.SplashScreenManager
07-27 05:53:28.174  3589  3589 E DevLauncherController: 	at java.lang.Class.classForName(Native Method)
07-27 05:53:28.174  3589  3589 E DevLauncherController: 	at java.lang.Class.forName(Class.java:607)
07-27 05:53:28.174  3589  3589 E DevLauncherController: 	at java.lang.Class.forName(Class.java:512)
07-27 05:53:28.174  3589  3589 E DevLauncherController: 	at expo.modules.devlauncher.DevLauncherController$Companion.initialize$expo_dev_launcher_debug(DevLauncherController.kt:412)
07-27 05:53:28.174  3589  3589 E DevLauncherController: 	at expo.modules.devlauncher.DevLauncherController$Companion.initialize(DevLauncherController.kt:450)
07-27 05:53:28.174  3589  3589 E DevLauncherController: 	at expo.modules.devlauncher.DevLauncherController$Companion.initialize$default(DevLauncherController.kt:443)
07-27 05:53:28.174  3589  3589 E DevLauncherController: 	at expo.modules.devlauncher.DevLauncherPackageDelegate$createApplicationLifecycleListeners$1.onCreate(DevLauncherPackageDelegate.kt:40)
07-27 05:53:28.174  3589  3589 E DevLauncherController: 	at expo.modules.ApplicationLifecycleDispatcher.onApplicationCreate(ApplicationLifecycleDispatcher.kt:20)
07-27 05:53:28.174  3589  3589 E DevLauncherController: 	at com.mediology.sinsinapp.MainApplication.onCreate(MainApplication.kt:38)
07-27 05:53:28.174  3589  3589 E DevLauncherController: 	at android.app.Instrumentation.callApplicationOnCreate(Instrumentation.java:1386)
07-27 05:53:28.174  3589  3589 E DevLauncherController: 	at android.app.ActivityThread.handleBindApplication(ActivityThread.java:7504)
07-27 05:53:28.174  3589  3589 E DevLauncherController: 	at android.app.ActivityThread.-$$Nest$mhandleBindApplication(Unknown Source:0)
07-27 05:53:28.174  3589  3589 E DevLauncherController: 	at android.app.ActivityThread$H.handleMessage(ActivityThread.java:2416)
07-27 05:53:28.174  3589  3589 E DevLauncherController: 	at android.os.Handler.dispatchMessage(Handler.java:107)
07-27 05:53:28.174  3589  3589 E DevLauncherController: 	at android.os.Looper.loopOnce(Looper.java:232)
07-27 05:53:28.174  3589  3589 E DevLauncherController: 	at android.os.Looper.loop(Looper.java:317)
07-27 05:53:28.174  3589  3589 E DevLauncherController: 	at android.app.ActivityThread.main(ActivityThread.java:8705)
07-27 05:53:28.174  3589  3589 E DevLauncherController: 	at java.lang.reflect.Method.invoke(Native Method)
07-27 05:53:28.174  3589  3589 E DevLauncherController: 	at com.android.internal.os.RuntimeInit$MethodAndArgsCaller.run(RuntimeInit.java:580)
07-27 05:53:28.174  3589  3589 E DevLauncherController: 	at com.android.internal.os.ZygoteInit.main(ZygoteInit.java:886)
07-27 05:53:28.174  3589  3589 E DevLauncherController: Caused by: java.lang.ClassNotFoundException: Didn't find class "expo.modules.splashscreen.SplashScreenManager" on path: DexPathList[[zip file "/data/app/~~ktRS1jh0Zz-16jfqLpBQjA==/com.mediology.sinsinapp-ZlMsLQEOIQdRTrfIuw54wQ==/base.apk"],nativeLibraryDirectories=[/data/app/~~ktRS1jh0Zz-16jfqLpBQjA==/com.mediology.sinsinapp-ZlMsLQEOIQdRTrfIuw54wQ==/lib/arm64, /data/app/~~ktRS1jh0Zz-16jfqLpBQjA==/com.mediology.sinsinapp-ZlMsLQEOIQdRTrfIuw54wQ==/base.apk!/lib/arm64-v8a, /system/lib64, /system_ext/lib64]]
07-27 05:53:28.174  3589  3589 E DevLauncherController: 	at dalvik.system.BaseDexClassLoader.findClass(BaseDexClassLoader.java:259)
07-27 05:53:28.174  3589  3589 E DevLauncherController: 	at java.lang.ClassLoader.loadClass(ClassLoader.java:637)
07-27 05:53:28.174  3589  3589 E DevLauncherController: 	at java.lang.ClassLoader.loadClass(ClassLoader.java:573)
07-27 05:53:28.174  3589  3589 E DevLauncherController: 	... 20 more
07-27 05:53:48.226  3589  3589 W unknown:BridgelessReact: ReactHost{0}.startSurface(surfaceId = 0): Schedule
07-27 05:53:48.226  3589  3589 W unknown:BridgelessReact: ReactHost{0}.attachSurface(surfaceId = 0)
07-27 05:53:48.232  3589  3695 W unknown:BridgelessReact: ReactHost{0}.getOrCreateReactInstanceTask()
07-27 05:53:48.234  3589  3695 W unknown:BridgelessReact: ReactHost{0}.getOrCreateReactInstanceTask(): Start
07-27 05:53:48.236  3589  3695 W unknown:BridgelessReact: ReactHost{0}.getJSBundleLoader()
07-27 05:53:48.236  3589  3695 W unknown:BridgelessReact: ReactHost{0}.isMetroRunning()
07-27 05:53:48.288  3589  3696 W unknown:BridgelessReact: ReactHost{0}.isMetroRunning(): Async result = true
07-27 05:53:48.288  3589  3695 W unknown:BridgelessReact: ReactHost{0}.loadJSBundleFromMetro()
07-27 05:53:48.438  3589  3589 W unknown:BridgelessReact: ReactHost{0}.onHostResume(activity)
07-27 05:53:49.101  3589  3589 W unknown:BridgelessReact: ReactHost{0}.raiseSoftException(onWindowFocusChange(hasFocus = "true")): Tried to access onWindowFocusChange while context is not ready
07-27 05:53:49.125  3589  3589 E unknown:ReactHost: Unhandled SoftException
07-27 05:53:49.125  3589  3589 E unknown:ReactHost: com.facebook.react.bridge.ReactNoCrashSoftException: raiseSoftException(onWindowFocusChange(hasFocus = "true")): Tried to access onWindowFocusChange while context is not ready
07-27 05:53:49.125  3589  3589 E unknown:ReactHost: 	at com.facebook.react.runtime.ReactHostImpl.raiseSoftException(ReactHostImpl.kt:905)
07-27 05:53:49.125  3589  3589 E unknown:ReactHost: 	at com.facebook.react.runtime.ReactHostImpl.raiseSoftException$default(ReactHostImpl.kt:896)
07-27 05:53:49.125  3589  3589 E unknown:ReactHost: 	at com.facebook.react.runtime.ReactHostImpl.onWindowFocusChange(ReactHostImpl.kt:668)
07-27 05:53:49.125  3589  3589 E unknown:ReactHost: 	at com.facebook.react.ReactDelegate.onWindowFocusChanged(ReactDelegate.kt:232)
07-27 05:53:49.125  3589  3589 E unknown:ReactHost: 	at com.facebook.react.ReactActivityDelegate.onWindowFocusChanged(ReactActivityDelegate.java:237)
07-27 05:53:49.125  3589  3589 E unknown:ReactHost: 	at expo.modules.ReactActivityDelegateWrapper$onWindowFocusChanged$1.invokeSuspend(ReactActivityDelegateWrapper.kt:320)
07-27 05:53:49.125  3589  3589 E unknown:ReactHost: 	at expo.modules.ReactActivityDelegateWrapper$onWindowFocusChanged$1.invoke(Unknown Source:8)
07-27 05:53:49.125  3589  3589 E unknown:ReactHost: 	at expo.modules.ReactActivityDelegateWrapper$onWindowFocusChanged$1.invoke(Unknown Source:4)
07-27 05:53:49.125  3589  3589 E unknown:ReactHost: 	at expo.modules.ReactActivityDelegateWrapper$launchLifecycleScopeWithLock$1.invokeSuspend(ReactActivityDelegateWrapper.kt:452)
07-27 05:53:49.125  3589  3589 E unknown:ReactHost: 	at kotlin.coroutines.jvm.internal.BaseContinuationImpl.resumeWith(ContinuationImpl.kt:34)
07-27 05:53:49.125  3589  3589 E unknown:ReactHost: 	at kotlinx.coroutines.internal.DispatchedContinuationKt.resumeCancellableWith(DispatchedContinuation.kt:375)
07-27 05:53:49.125  3589  3589 E unknown:ReactHost: 	at kotlinx.coroutines.intrinsics.CancellableKt.startCoroutineCancellable(Cancellable.kt:26)
07-27 05:53:49.125  3589  3589 E unknown:ReactHost: 	at kotlinx.coroutines.CoroutineStart.invoke(CoroutineStart.kt:358)
07-27 05:53:49.125  3589  3589 E unknown:ReactHost: 	at kotlinx.coroutines.AbstractCoroutine.start(AbstractCoroutine.kt:134)
07-27 05:53:49.125  3589  3589 E unknown:ReactHost: 	at kotlinx.coroutines.BuildersKt__Builders_commonKt.launch(Builders.common.kt:53)
07-27 05:53:49.125  3589  3589 E unknown:ReactHost: 	at kotlinx.coroutines.BuildersKt.launch(Unknown Source:1)
07-27 05:53:49.125  3589  3589 E unknown:ReactHost: 	at kotlinx.coroutines.BuildersKt__Builders_commonKt.launch$default(Builders.common.kt:44)
07-27 05:53:49.125  3589  3589 E unknown:ReactHost: 	at kotlinx.coroutines.BuildersKt.launch$default(Unknown Source:1)
07-27 05:53:49.125  3589  3589 E unknown:ReactHost: 	at expo.modules.ReactActivityDelegateWrapper.launchLifecycleScopeWithLock(ReactActivityDelegateWrapper.kt:450)
07-27 05:53:49.125  3589  3589 E unknown:ReactHost: 	at expo.modules.ReactActivityDelegateWrapper.launchLifecycleScopeWithLock$default(ReactActivityDelegateWrapper.kt:446)
07-27 05:53:49.125  3589  3589 E unknown:ReactHost: 	at expo.modules.ReactActivityDelegateWrapper.onWindowFocusChanged(ReactActivityDelegateWrapper.kt:318)
07-27 05:53:49.125  3589  3589 E unknown:ReactHost: 	at com.facebook.react.ReactActivity.onWindowFocusChanged(ReactActivity.java:158)
07-27 05:53:49.125  3589  3589 E unknown:ReactHost: 	at androidx.appcompat.view.WindowCallbackWrapper.onWindowFocusChanged(WindowCallbackWrapper.java:124)
07-27 05:53:49.125  3589  3589 E unknown:ReactHost: 	at expo.modules.devmenu.detectors.InterceptingWindowCallback.onWindowFocusChanged(Unknown Source:2)
07-27 05:53:49.125  3589  3589 E unknown:ReactHost: 	at com.android.internal.policy.DecorView.onWindowFocusChanged(DecorView.java:1772)
07-27 05:53:49.125  3589  3589 E unknown:ReactHost: 	at android.view.View.dispatchWindowFocusChanged(View.java:16743)
07-27 05:53:49.125  3589  3589 E unknown:ReactHost: 	at android.view.ViewGroup.dispatchWindowFocusChanged(ViewGroup.java:1505)
07-27 05:53:49.125  3589  3589 E unknown:ReactHost: 	at android.view.ViewRootImpl.dispatchFocusEvent(ViewRootImpl.java:4697)
07-27 05:53:49.125  3589  3589 E unknown:ReactHost: 	at android.view.ViewRootImpl.handleWindowFocusChanged(ViewRootImpl.java:4601)
07-27 05:53:49.125  3589  3589 E unknown:ReactHost: 	at android.view.ViewRootImpl.-$$Nest$mhandleWindowFocusChanged(Unknown Source:0)
07-27 05:53:49.125  3589  3589 E unknown:ReactHost: 	at android.view.ViewRootImpl$ViewRootHandler.handleMessageImpl(ViewRootImpl.java:6773)
07-27 05:53:49.125  3589  3589 E unknown:ReactHost: 	at android.view.ViewRootImpl$ViewRootHandler.handleMessage(ViewRootImpl.java:6683)
07-27 05:53:49.125  3589  3589 E unknown:ReactHost: 	at android.os.Handler.dispatchMessage(Handler.java:107)
07-27 05:53:49.125  3589  3589 E unknown:ReactHost: 	at android.os.Looper.loopOnce(Looper.java:232)
07-27 05:53:49.125  3589  3589 E unknown:ReactHost: 	at android.os.Looper.loop(Looper.java:317)
07-27 05:53:49.125  3589  3589 E unknown:ReactHost: 	at android.app.ActivityThread.main(ActivityThread.java:8705)
07-27 05:53:49.125  3589  3589 E unknown:ReactHost: 	at java.lang.reflect.Method.invoke(Native Method)
07-27 05:53:49.125  3589  3589 E unknown:ReactHost: 	at com.android.internal.os.RuntimeInit$MethodAndArgsCaller.run(RuntimeInit.java:580)
07-27 05:53:49.125  3589  3589 E unknown:ReactHost: 	at com.android.internal.os.ZygoteInit.main(ZygoteInit.java:886)
07-27 05:54:10.705  3589  3697 W unknown:BridgelessReact: ReactHost{0}.loadJSBundleFromMetro(): Creating BundleLoader
07-27 05:54:10.711  3589  3695 W unknown:BridgelessReact: ReactHost{0}.getOrCreateReactInstanceTask(): Creating BridgelessReactContext
07-27 05:54:10.728  3589  3695 W unknown:BridgelessReact: ReactHost{0}.getOrCreateReactInstanceTask(): Creating ReactInstance
07-27 05:54:11.346  3589  3695 W unknown:BridgelessReact: ReactHost{0}.getOrCreateReactInstanceTask(): Loading JS Bundle
07-27 05:54:11.348  3589  3695 W unknown:BridgelessReact: ReactHost{0}.getOrCreateReactInstanceTask(): DevSupportManager.onNewReactContextCreated()
07-27 05:54:11.356  3589  3695 W unknown:BridgelessReact: ReactHost{0}.startSurface(surfaceId = 0): Execute
07-27 05:54:11.356  3589  3589 W unknown:BridgelessReact: ReactHost{0}.ReactContext.onHostResume()
07-27 05:54:11.371  3589  3589 W unknown:BridgelessReact: ReactHost{0}.getOrCreateReactInstanceTask(): Executing ReactInstanceEventListeners
07-27 05:54:14.180  3589  3721 W BridgelessReactContext: [WARNING] Bridgeless doesn't support CatalystInstance. Accessing an API that's not part of the new architecture is not encouraged usage.
