  console.log
    [dotenv@17.3.1] injecting env (0) from .env -- tip: ⚡️ secrets for agents: https://dotenvx.com/as2

      at _log (node_modules/dotenv/lib/main.js:139:11)

  console.log
    [dotenv@17.3.1] injecting env (3) from tests/.env.test -- tip: ⚙️  enable debug logging with { debug: true }

      at _log (node_modules/dotenv/lib/main.js:139:11)

FAIL tests/lightContrastAudit.test.ts
  §0 대비 계산기가 실제로 계산한다
    ✓ 양 끝을 안다: 흰↔검 21, 같은 색 1 (1 ms)
    ✓ 알파를 **무시하지 않는다** — 50% 검정은 검정이 아니다
    ✓ **바닥이 결과를 바꾼다** — 같은 두 색도 캔버스가 다르면 다르다
    ✓ 고친 결함을 재현한다 — `label.assistive` 는 흰 면 위에서 1.68 이다
    ✓ L* 는 대비비와 **다른 것**을 잰다 — 흰 100 · 검 0 (1 ms)
  §1 라이트에서 읽히는 글자단은 `neutral` 까지다
    ✓ `neutral` 은 라이트의 세 바닥 모두에서 본문 기준을 넘는다
    ✓ `alternative` 는 **큰 글자 기준에도** 못 미친다 — 한 단 올리기로는 안 된다 (1 ms)
    ✓ `assistive` 는 어떤 바닥 위에서도 2:1 을 못 넘는다 — 글자로 쓸 수 없다
    ✓ 사다리는 단조롭다 — normal > neutral > alternative > assistive > disable
  §2 사용자가 짚은 세 자리가 두 모드 모두에서 읽힌다
    ✓ 스토리 빈 레일의 한 줄 — `V2EmptyState tone="quiet"` 의 설명 (1 ms)
    ✓ 섹션 머리의 후행 어포던스 — `올리기 ›` 는 **말과 화살표가 같은 색**이다 (1 ms)
    ✓ 카드의 보조 지표 — `MetaRow` 의 수·시각·글리프가 전부 읽힌다
  §3 다크가 나빠지지 않았다
    ✓ light: `neutral` 은 그 자리에 있던 두 단보다 항상 낫다
    ✓ dark: `neutral` 은 그 자리에 있던 두 단보다 항상 낫다
    ✓ `V2EmptyState` 의 두 톤은 이제 **같은 색**이다 — 다크에서도 갈라지지 않는다 (1 ms)
  §4 `SectionBand` 의 여백에서 색을 뗀 것이 다크에 무해하다
    ✓ 지운 색은 다크 바닥과 **값이 같다** — 그래서 다크는 한 픽셀도 안 바뀐다
    ✓ 여백은 자기 배경을 갖지 않는다 (자리 8px 은 두 모드 그대로다)
    ✓ 평평한 피드의 섹션 띠를 두 모드 모두 칠한다
    ✓ 라이트 섹션 경계가 투명한 여백으로 사라지지 않는다
  §5 못 고친 것과 되돌아가면 안 되는 것 (보고서 대신 단언으로 남긴다)
    ✓ 미선택 칩의 면은 **여전히** 비텍스트 3:1 밖이다 (좋아졌지만 못 넘었다)
    ✓ 다크 `label` 사다리가 `#65676a` 계열로 **되돌아가지 않는다** (회귀 가드) (1 ms)
    ✓ 스크림은 두 모드가 **같은 값**이다 — 다크만 56% 로 되돌아간 적이 있다
    ✓ 원시 알파 사다리는 **반올림이 위로**다 — 700·900 만 예외가 되지 않는다 (1 ms)
  §6 면의 층 (2026-08-21 · 라이트 바닥을 두 겹으로 내렸다)
    ✓ 바닥↔카드: 라이트가 다크의 80% 이상이다 (3.79 → 7.25 · 다크 8.63)
    ✓ 고정 헤더는 두 모드 모두 **바닥과 다른 평면**이다
    ✓ 우물은 **두 모드 모두** 바닥에서 `fill.normal` 두 겹이다 (규칙이 하나다)
    ✓ 검색 필드의 면이 흰 고정 헤더 위에서 보인다 (3.79 → 7.25)
    ✓ 라이트 바닥은 앱 전체에서 **하나**다 — tamagui `appBg` 도 같은 값 (1 ms)
    ✓ 층 사다리는 라이트에서 단조롭다 — 카드 > 얕은 우물 > 우물 > 눌림
    ✓ 스토리 레일은 **두 모드 모두** 화면 바닥 위에 선다 (자기 면을 갖지 않는다) (1 ms)
    ✓ **다크는 한 값도 안 바뀌었다** — `semanticDark` 전체 스냅숏
    ✓ 다크에서 **파생된 면들**도 그대로다 — 팔레트 스냅숏 (1 ms)
    ✓ 라이트에서 바뀐 면은 **셋뿐**이다 — 나머지는 그대로
  §7 `fill.control` — 컨트롤면 (역할 분리)
    ✓ `fill.normal` 은 **한 바이트도 안 바뀌었다** — 장식면은 그대로다
    ✓ 라이트 컨트롤면은 장식면보다 확실히 깊다 (3.79 → 5.25)
    ✓ **천장이 있다** — 칩 라벨이 본문 기준을 넘는 가장 진한 단이 이 값이다 (1 ms)
    ✓ 칩 라벨은 **두 모드 모두** 자기 면 위에서 본문 기준을 넘는다
    ✓ 선택 칩과 미선택 칩은 **여전히 또렷이** 갈린다 (톤마다 방향이 다르다) (1 ms)
    ✓ 다크는 두 칸이 **같은 값**이다 — 그래서 다크 화면은 한 픽셀도 안 움직인다
    ✕ 컨트롤면을 쓰는 곳이 **컨트롤뿐**이다 — 장식면 소비처는 안 따라갔다 (3 ms)
  §8 섹션 머리의 면 · 상단 고정층
    ✓ 요즘 이야기 중 — 머리와 본문이 **같은 면**이다 (A) (2 ms)
    ✓ 요즘 글 쓰는 이웃 — 머리와 본문이 **같은 면**이다 (A) (1 ms)
    ✓ 요즘 이야기 중 — **로딩 중에도** 면이 안 바뀐다
    ✓ 요즘 글 쓰는 이웃 — **로딩 중에도** 면이 안 바뀐다 (1 ms)
    ✓ `SectionHeader` 는 **자기 면을 칠하지 않는다** — (A)/(B) 는 부모가 정한다
    ✓ 라이트에서 그 면은 화면 바닥과 **다른 평면**이다 (7.25)
    ✕ 상단은 **하나의 고정층**이다 — 타이틀 줄이 검색·칩과 같은 면을 칠한다 (1 ms)
  §9 우물을 바닥에 깐 화면 위에 우물을 또 놓지 않는다
    ✕ 우물 바닥 화면이 **면 없는 우물 소비자**를 직접 놓지 않는다 (143 ms)
    ✓ 바닥과 그 위의 면이 **같은 값**이면 규칙이 실제로 잡는다 (오라클) (2 ms)
  §10 라이트가 쓰는 면의 개수와 화면 바닥
    ✓ 라이트는 면이 **열 개**, 다크는 **일곱 개**다 (다크가 넷을 한 값으로 접는다)
    ✓ 층 사이 간격의 중앙값이 라이트는 다크의 절반도 안 된다 (1.3 vs 3.4)
    ✓ 정본 넷은 값이 아니라 **역할**로 정해진다 — 바닥 · 콘텐츠 · 컨트롤 · 눌림
    ✓ 라이트 화면 바닥은 **두 값**뿐이다 — `background.lower` 는 바닥이 아니다 (60 ms)
    ✕ 같은 계보의 바닥은 **같다** — 피드 · 인기글 · 검색 (1 ms)
    ✓ 인기글의 글 카드는 바닥에서 **뜬다** — 옮긴 바닥이 카드를 지우지 않았다
  §11 바닥 위 (B) 섹션 라벨
    ✕ src/features/settings/views/MyPageScreen.tsx 의 styles.sectionHeader 는 `textMuted` 를 부르지 않는다
    ✓ src/features/settings/views/MedicalReferenceScreen.tsx 의 styles.sectionHeader 는 `textMuted` 를 부르지 않는다
    ✓ src/features/settings/views/ProfileEditScreen.tsx 의 styles.groupTitle 는 `textMuted` 를 부르지 않는다 (1 ms)
    ✓ 그 색은 **두 모드 모두** 바닥 위에서 본문 기준을 넘는다 (2.68 → 4.72)
    ✓ 한 단 올리기로는 안 된다 — `alternative` 는 큰 글자 기준에도 못 미친다

  ● §7 `fill.control` — 컨트롤면 (역할 분리) › 컨트롤면을 쓰는 곳이 **컨트롤뿐**이다 — 장식면 소비처는 안 따라갔다

    expect(received).toEqual(expected) // deep equality

    - Expected  - 1
    + Received  + 1

      Object {
    -   "leftover": false,
    +   "leftover": true,
        "path": "src/features/restaurant/components/SelectableChip.tsx",
      }

      1065 |         uses: true,
      1066 |       })
    > 1067 |       expect({ path, leftover: code.includes("fill.normal") }).toEqual({
           |                                                                ^
      1068 |         path,
      1069 |         leftover: false,
      1070 |       })

      at Object.<anonymous> (tests/lightContrastAudit.test.ts:1067:64)

  ● §8 섹션 머리의 면 · 상단 고정층 › 상단은 **하나의 고정층**이다 — 타이틀 줄이 검색·칩과 같은 면을 칠한다

    expect(received).toContain(expected) // indexOf

    Expected substring: "backgroundColor: colors.background.default"
    Received string:    "export { CommunityScreen as default } from \"@/src/features/recipe/views/CommunityScreen\"
    "

      1292 |     )
      1293 |     // (a) 타이틀 줄 = 고정층의 면 + 안전영역. `FreePostTab.pinnedHeader` 와 같은 토큰이다.
    > 1294 |     expect(src).toContain("backgroundColor: colors.background.default")
           |                 ^
      1295 |     expect(src).toContain("paddingTop: insets.top + HEADER_PAD_TOP")
      1296 |     /*
      1297 |       (b) 화면 바닥은 우물 그대로. 카드(흰색)로 바꾸는 변이가 여기서 빨개진다.

      at Object.<anonymous> (tests/lightContrastAudit.test.ts:1294:17)

  ● §9 우물을 바닥에 깐 화면 위에 우물을 또 놓지 않는다 › 우물 바닥 화면이 **면 없는 우물 소비자**를 직접 놓지 않는다

    expect(received).toBeGreaterThanOrEqual(expected)

    Expected: >= 8
    Received:    6

      1408 |     const bedScreens = files.filter((file) => bedIsWell(sourceOf(file)))
      1409 |     // 규칙이 헛돌지 않는다는 확인 — 그런 화면이 실제로 여럿 있다.
    > 1410 |     expect(bedScreens.length).toBeGreaterThanOrEqual(8)
           |                               ^
      1411 |
      1412 |     const violations: string[] = []
      1413 |     for (const screen of bedScreens) {

      at Object.<anonymous> (tests/lightContrastAudit.test.ts:1410:31)

  ● §10 라이트가 쓰는 면의 개수와 화면 바닥 › 같은 계보의 바닥은 **같다** — 피드 · 인기글 · 검색

    expect(received).toEqual(expected) // deep equality

    - Expected  - 1
    + Received  + 1

      Object {
    -   "bed": true,
    +   "bed": false,
        "file": "app/(tabs)/community.tsx",
      }

      1673 |     ]) {
      1674 |       const src = codeOf(file)
    > 1675 |       expect({ file, bed: /backgroundColor: \w+\.bed\b/.test(src) }).toEqual({
           |                                                                      ^
      1676 |         file,
      1677 |         bed: true,
      1678 |       })

      at Object.<anonymous> (tests/lightContrastAudit.test.ts:1675:70)

  ● §11 바닥 위 (B) 섹션 라벨 › src/features/settings/views/MyPageScreen.tsx 의 styles.sectionHeader 는 `textMuted` 를 부르지 않는다

    expect(received).toBeGreaterThanOrEqual(expected)

    Expected: >= 1
    Received:    0

      1743 |         .filter((line) => line.includes(`[${style}, { color:`))
      1744 |       // 그 자리가 실제로 있다(정규식이 헛돌면 이 절이 늘 통과한다).
    > 1745 |       expect(lines.length).toBeGreaterThanOrEqual(1)
           |                            ^
      1746 |       for (const line of lines) {
      1747 |         expect({
      1748 |           line: line.trim(),

      at tests/lightContrastAudit.test.ts:1745:28

Test Suites: 1 failed, 1 total
Tests:       5 failed, 55 passed, 60 total
Snapshots:   0 total
Time:        2.141 s
Ran all test suites matching /lightContrastAudit/i.
