
/Users/seongminhan/workspace/sinsin_dev/sinsin-rn/app/(write)/story/new.tsx
  161:6   warning  React Hook useMemo has an unnecessary dependency: 'i18n.language'. Either exclude it or remove the dependency array  react-hooks/exhaustive-deps
  292:34  warning  리터럴 hex 대신 디자인 토큰을 쓰세요 — useV2Theme().colors / useSurface(). 정본에 없는 색이면 토큰부터 정합니다                                    no-restricted-syntax
  292:46  warning  리터럴 hex 대신 디자인 토큰을 쓰세요 — useV2Theme().colors / useSurface(). 정본에 없는 색이면 토큰부터 정합니다                                    no-restricted-syntax
  293:39  warning  리터럴 hex 대신 디자인 토큰을 쓰세요 — useV2Theme().colors / useSurface(). 정본에 없는 색이면 토큰부터 정합니다                                    no-restricted-syntax
  293:51  warning  리터럴 hex 대신 디자인 토큰을 쓰세요 — useV2Theme().colors / useSurface(). 정본에 없는 색이면 토큰부터 정합니다                                    no-restricted-syntax
  326:19  warning  리터럴 hex 대신 디자인 토큰을 쓰세요 — useV2Theme().colors / useSurface(). 정본에 없는 색이면 토큰부터 정합니다                                    no-restricted-syntax
  327:19  warning  리터럴 hex 대신 디자인 토큰을 쓰세요 — useV2Theme().colors / useSurface(). 정본에 없는 색이면 토큰부터 정합니다                                    no-restricted-syntax
  596:12  warning  리터럴 hex 대신 디자인 토큰을 쓰세요 — useV2Theme().colors / useSurface(). 정본에 없는 색이면 토큰부터 정합니다                                    no-restricted-syntax
  652:12  warning  리터럴 hex 대신 디자인 토큰을 쓰세요 — useV2Theme().colors / useSurface(). 정본에 없는 색이면 토큰부터 정합니다                                    no-restricted-syntax

/Users/seongminhan/workspace/sinsin_dev/sinsin-rn/src/features/home/components/FoodAnalysisResult.tsx
  1233:9   warning  리터럴 hex 대신 디자인 토큰을 쓰세요 — useV2Theme().colors / useSurface(). 정본에 없는 색이면 토큰부터 정합니다  no-restricted-syntax
  1385:12  warning  리터럴 hex 대신 디자인 토큰을 쓰세요 — useV2Theme().colors / useSurface(). 정본에 없는 색이면 토큰부터 정합니다  no-restricted-syntax
  1445:12  warning  리터럴 hex 대신 디자인 토큰을 쓰세요 — useV2Theme().colors / useSurface(). 정본에 없는 색이면 토큰부터 정합니다  no-restricted-syntax

/Users/seongminhan/workspace/sinsin_dev/sinsin-rn/src/features/home/components/FoodResultEdit.tsx
  858:25  warning  리터럴 hex 대신 디자인 토큰을 쓰세요 — useV2Theme().colors / useSurface(). 정본에 없는 색이면 토큰부터 정합니다  no-restricted-syntax

/Users/seongminhan/workspace/sinsin_dev/sinsin-rn/src/features/home/components/record/pages/recordInk.ts
  30:16  warning  리터럴 hex 대신 디자인 토큰을 쓰세요 — useV2Theme().colors / useSurface(). 정본에 없는 색이면 토큰부터 정합니다  no-restricted-syntax
  31:20  warning  리터럴 hex 대신 디자인 토큰을 쓰세요 — useV2Theme().colors / useSurface(). 정본에 없는 색이면 토큰부터 정합니다  no-restricted-syntax
  32:19  warning  리터럴 hex 대신 디자인 토큰을 쓰세요 — useV2Theme().colors / useSurface(). 정본에 없는 색이면 토큰부터 정합니다  no-restricted-syntax
  38:16  warning  리터럴 hex 대신 디자인 토큰을 쓰세요 — useV2Theme().colors / useSurface(). 정본에 없는 색이면 토큰부터 정합니다  no-restricted-syntax
  42:16  warning  리터럴 hex 대신 디자인 토큰을 쓰세요 — useV2Theme().colors / useSurface(). 정본에 없는 색이면 토큰부터 정합니다  no-restricted-syntax
  43:17  warning  리터럴 hex 대신 디자인 토큰을 쓰세요 — useV2Theme().colors / useSurface(). 정본에 없는 색이면 토큰부터 정합니다  no-restricted-syntax
  45:16  warning  리터럴 hex 대신 디자인 토큰을 쓰세요 — useV2Theme().colors / useSurface(). 정본에 없는 색이면 토큰부터 정합니다  no-restricted-syntax
  46:20  warning  리터럴 hex 대신 디자인 토큰을 쓰세요 — useV2Theme().colors / useSurface(). 정본에 없는 색이면 토큰부터 정합니다  no-restricted-syntax
  47:19  warning  리터럴 hex 대신 디자인 토큰을 쓰세요 — useV2Theme().colors / useSurface(). 정본에 없는 색이면 토큰부터 정합니다  no-restricted-syntax

/Users/seongminhan/workspace/sinsin_dev/sinsin-rn/src/features/home/components/record/sheets/recordSheetControls.tsx
  377:35  warning  리터럴 hex 대신 디자인 토큰을 쓰세요 — useV2Theme().colors / useSurface(). 정본에 없는 색이면 토큰부터 정합니다  no-restricted-syntax
  379:46  warning  리터럴 hex 대신 디자인 토큰을 쓰세요 — useV2Theme().colors / useSurface(). 정본에 없는 색이면 토큰부터 정합니다  no-restricted-syntax

/Users/seongminhan/workspace/sinsin_dev/sinsin-rn/src/features/home/components/statistics/GlucoseTrendSection.tsx
  224:58  warning  리터럴 hex 대신 디자인 토큰을 쓰세요 — useV2Theme().colors / useSurface(). 정본에 없는 색이면 토큰부터 정합니다  no-restricted-syntax
  224:70  warning  리터럴 hex 대신 디자인 토큰을 쓰세요 — useV2Theme().colors / useSurface(). 정본에 없는 색이면 토큰부터 정합니다  no-restricted-syntax

/Users/seongminhan/workspace/sinsin_dev/sinsin-rn/src/features/medication/views/MedicationDiaryPage.tsx
  141:22  warning  Replace `·style={[styles.card,·{·backgroundColor:·s.surfaceSunken·}]}` with `⏎··················style={[styles.card,·{·backgroundColor:·s.surfaceSunken·}]}⏎················`  prettier/prettier

/Users/seongminhan/workspace/sinsin_dev/sinsin-rn/src/features/medication/views/MedicationEditorScreen.tsx
  105:18  warning  Replace `·flex:·1,·backgroundColor:·s.surfaceSunken,·color:·s.textStrong` with `⏎··················flex:·1,⏎··················backgroundColor:·s.surfaceSunken,⏎··················color:·s.textStrong,⏎···············`  prettier/prettier

/Users/seongminhan/workspace/sinsin_dev/sinsin-rn/src/features/recipe/components/MentionSuggestions.tsx
  102:18  warning  리터럴 hex 대신 디자인 토큰을 쓰세요 — useV2Theme().colors / useSurface(). 정본에 없는 색이면 토큰부터 정합니다  no-restricted-syntax

/Users/seongminhan/workspace/sinsin_dev/sinsin-rn/src/features/recipe/components/PollCard.tsx
   73:37  warning  리터럴 hex 대신 디자인 토큰을 쓰세요 — useV2Theme().colors / useSurface(). 정본에 없는 색이면 토큰부터 정합니다  no-restricted-syntax
   74:35  warning  리터럴 hex 대신 디자인 토큰을 쓰세요 — useV2Theme().colors / useSurface(). 정본에 없는 색이면 토큰부터 정합니다  no-restricted-syntax
   75:34  warning  리터럴 hex 대신 디자인 토큰을 쓰세요 — useV2Theme().colors / useSurface(). 정본에 없는 색이면 토큰부터 정합니다  no-restricted-syntax
   75:46  warning  리터럴 hex 대신 디자인 토큰을 쓰세요 — useV2Theme().colors / useSurface(). 정본에 없는 색이면 토큰부터 정합니다  no-restricted-syntax
   76:39  warning  리터럴 hex 대신 디자인 토큰을 쓰세요 — useV2Theme().colors / useSurface(). 정본에 없는 색이면 토큰부터 정합니다  no-restricted-syntax
   76:51  warning  리터럴 hex 대신 디자인 토큰을 쓰세요 — useV2Theme().colors / useSurface(). 정본에 없는 색이면 토큰부터 정합니다  no-restricted-syntax
  180:66  warning  리터럴 hex 대신 디자인 토큰을 쓰세요 — useV2Theme().colors / useSurface(). 정본에 없는 색이면 토큰부터 정합니다  no-restricted-syntax
  233:19  warning  리터럴 hex 대신 디자인 토큰을 쓰세요 — useV2Theme().colors / useSurface(). 정본에 없는 색이면 토큰부터 정합니다  no-restricted-syntax
  234:19  warning  리터럴 hex 대신 디자인 토큰을 쓰세요 — useV2Theme().colors / useSurface(). 정본에 없는 색이면 토큰부터 정합니다  no-restricted-syntax

/Users/seongminhan/workspace/sinsin_dev/sinsin-rn/src/features/recipe/components/VoteSheet.tsx
   61:34  warning  리터럴 hex 대신 디자인 토큰을 쓰세요 — useV2Theme().colors / useSurface(). 정본에 없는 색이면 토큰부터 정합니다  no-restricted-syntax
   61:46  warning  리터럴 hex 대신 디자인 토큰을 쓰세요 — useV2Theme().colors / useSurface(). 정본에 없는 색이면 토큰부터 정합니다  no-restricted-syntax
   62:39  warning  리터럴 hex 대신 디자인 토큰을 쓰세요 — useV2Theme().colors / useSurface(). 정본에 없는 색이면 토큰부터 정합니다  no-restricted-syntax
   62:51  warning  리터럴 hex 대신 디자인 토큰을 쓰세요 — useV2Theme().colors / useSurface(). 정본에 없는 색이면 토큰부터 정합니다  no-restricted-syntax
  148:23  warning  리터럴 hex 대신 디자인 토큰을 쓰세요 — useV2Theme().colors / useSurface(). 정본에 없는 색이면 토큰부터 정합니다  no-restricted-syntax
  149:23  warning  리터럴 hex 대신 디자인 토큰을 쓰세요 — useV2Theme().colors / useSurface(). 정본에 없는 색이면 토큰부터 정합니다  no-restricted-syntax
  274:43  warning  리터럴 hex 대신 디자인 토큰을 쓰세요 — useV2Theme().colors / useSurface(). 정본에 없는 색이면 토큰부터 정합니다  no-restricted-syntax
  274:55  warning  리터럴 hex 대신 디자인 토큰을 쓰세요 — useV2Theme().colors / useSurface(). 정본에 없는 색이면 토큰부터 정합니다  no-restricted-syntax
  277:28  warning  리터럴 hex 대신 디자인 토큰을 쓰세요 — useV2Theme().colors / useSurface(). 정본에 없는 색이면 토큰부터 정합니다  no-restricted-syntax

/Users/seongminhan/workspace/sinsin_dev/sinsin-rn/src/features/recipe/components/detail/ProvenanceSheet.tsx
    9:44  warning  '/Users/seongminhan/workspace/sinsin_dev/sinsin-rn/src/design-system-v2/index.ts' imported multiple times                                                                                                                                                                                                                                                                                                                                                                                                                     import/no-duplicates
   11:31  warning  '/Users/seongminhan/workspace/sinsin_dev/sinsin-rn/src/design-system-v2/index.ts' imported multiple times                                                                                                                                                                                                                                                                                                                                                                                                                     import/no-duplicates
   56:16  warning  Replace `·paddingHorizontal={LAYOUT.screenX}·gap={16}·style={{·paddingTop:·8·}}` with `⏎········paddingHorizontal={LAYOUT.screenX}⏎········gap={16}⏎········style={{·paddingTop:·8·}}⏎······`                                                                                                                                                                                                                                                                                                                                 prettier/prettier
   57:16  warning  Replace `·{...TYPE.sheetTitle}·color={surface.textStrong}·lineBreakStrategyIOS="hangul-word"·style={{·fontWeight:·"700"·}}` with `⏎··········{...TYPE.sheetTitle}⏎··········color={surface.textStrong}⏎··········lineBreakStrategyIOS="hangul-word"⏎··········style={{·fontWeight:·"700"·}}⏎········`                                                                                                                                                                                                                         prettier/prettier
   62:18  warning  Replace `·{...TYPE.value}·color={surface.textMuted}·lineBreakStrategyIOS="hangul-word"` with `⏎············{...TYPE.value}⏎············color={surface.textMuted}⏎············lineBreakStrategyIOS="hangul-word"⏎··········`                                                                                                                                                                                                                                                                                                   prettier/prettier
   67:22  warning  Replace `·paddingHorizontal={10}·align="center"·style={{·alignSelf:·"flex-start",·height:·LAYOUT.badge.height,·borderRadius:·LAYOUT.badge.radius,·backgroundColor:·surface.surfaceSunken·}}` with `⏎··············paddingHorizontal={10}⏎··············align="center"⏎··············style={{⏎················alignSelf:·"flex-start",⏎················height:·LAYOUT.badge.height,⏎················borderRadius:·LAYOUT.badge.radius,⏎················backgroundColor:·surface.surfaceSunken,⏎··············}}⏎············`  prettier/prettier
   68:22  warning  Replace `·{...TYPE.caption}·color={surface.textStrong}·lineBreakStrategyIOS="hangul-word"·style={{·fontWeight:·"600"·}}` with `⏎················{...TYPE.caption}⏎················color={surface.textStrong}⏎················lineBreakStrategyIOS="hangul-word"⏎················style={{·fontWeight:·"600"·}}⏎··············`                                                                                                                                                                                                 prettier/prettier
   73:20  warning  Replace `·{...TYPE.value}·color={surface.text}·lineBreakStrategyIOS="hangul-word"·style={{·lineHeight:·23·}}` with `⏎··············{...TYPE.value}⏎··············color={surface.text}⏎··············lineBreakStrategyIOS="hangul-word"⏎··············style={{·lineHeight:·23·}}⏎············`                                                                                                                                                                                                                                 prettier/prettier
   77:20  warning  Replace `·{...TYPE.caption}·color={surface.textMuted}·lineBreakStrategyIOS="hangul-word"·style={{·lineHeight:·20·}}` with `⏎··············{...TYPE.caption}⏎··············color={surface.textMuted}⏎··············lineBreakStrategyIOS="hangul-word"⏎··············style={{·lineHeight:·20·}}⏎············`                                                                                                                                                                                                                   prettier/prettier
   82:24  warning  Replace `·gap={4}·padding={14}·style={{·borderRadius:·12,·backgroundColor:·surface.surfaceSunken·}}` with `⏎················gap={4}⏎················padding={14}⏎················style={{⏎··················borderRadius:·12,⏎··················backgroundColor:·surface.surfaceSunken,⏎················}}⏎··············`                                                                                                                                                                                                    prettier/prettier
   83:24  warning  Replace `·{...TYPE.caption}·color={surface.textStrong}·lineBreakStrategyIOS="hangul-word"·style={{·fontWeight:·"600"·}}` with `⏎··················{...TYPE.caption}⏎··················color={surface.textStrong}⏎··················lineBreakStrategyIOS="hangul-word"⏎··················style={{·fontWeight:·"600"·}}⏎················`                                                                                                                                                                                       prettier/prettier
   86:24  warning  Replace `·{...TYPE.caption}·color={surface.textMuted}·lineBreakStrategyIOS="hangul-word"·style={{·lineHeight:·20·}}` with `⏎··················{...TYPE.caption}⏎··················color={surface.textMuted}⏎··················lineBreakStrategyIOS="hangul-word"⏎··················style={{·lineHeight:·20·}}⏎················`                                                                                                                                                                                               prettier/prettier
  103:20  warning  Replace `·align="center"·justify="center"·style={{·height:·LAYOUT.ctaCompact.height,·borderRadius:·LAYOUT.ctaCompact.radius,·backgroundColor:·surface.surfaceSunken·}}` with `⏎············align="center"⏎············justify="center"⏎············style={{⏎··············height:·LAYOUT.ctaCompact.height,⏎··············borderRadius:·LAYOUT.ctaCompact.radius,⏎··············backgroundColor:·surface.surfaceSunken,⏎············}}⏎··········`                                                                            prettier/prettier
  104:20  warning  Replace `·{...TYPE.cta}·color={surface.textStrong}·lineBreakStrategyIOS="hangul-word"·style={{·fontWeight:·"600"·}}` with `⏎··············{...TYPE.cta}⏎··············color={surface.textStrong}⏎··············lineBreakStrategyIOS="hangul-word"⏎··············style={{·fontWeight:·"600"·}}⏎············`                                                                                                                                                                                                                   prettier/prettier

/Users/seongminhan/workspace/sinsin_dev/sinsin-rn/src/features/recipe/components/detail/ReviewComposer.tsx
  145:18  warning  Replace `·align="center"·paddingHorizontal={LAYOUT.screenX}·style={{·paddingTop:·topPadding,·paddingBottom:·4·}}` with `⏎··········align="center"⏎··········paddingHorizontal={LAYOUT.screenX}⏎··········style={{·paddingTop:·topPadding,·paddingBottom:·4·}}⏎········`                                                                                                                                                                                                                                                             prettier/prettier
  178:20  warning  Replace `·{...TYPE.value}·color={surface.textWeak}·numberOfLines={2}·lineBreakStrategyIOS="hangul-word"·style={{·flex:·1,·fontWeight:·"600"·}}` with `⏎··············{...TYPE.value}⏎··············color={surface.textWeak}⏎··············numberOfLines={2}⏎··············lineBreakStrategyIOS="hangul-word"⏎··············style={{·flex:·1,·fontWeight:·"600"·}}⏎············`                                                                                                                                                     prettier/prettier
  183:18  warning  Replace `·{...TYPE.question}·color={surface.textStrong}·lineBreakStrategyIOS="hangul-word"·style={{·fontWeight:·"700"·}}` with `⏎············{...TYPE.question}⏎············color={surface.textStrong}⏎············lineBreakStrategyIOS="hangul-word"⏎············style={{·fontWeight:·"700"·}}⏎··········`                                                                                                                                                                                                                         prettier/prettier
  205:26  warning  Replace `·{...TYPE.value}·color={surface.brand}·lineBreakStrategyIOS="hangul-word"·style={{·fontWeight:·"600"·}}` with `⏎····················{...TYPE.value}⏎····················color={surface.brand}⏎····················lineBreakStrategyIOS="hangul-word"⏎····················style={{·fontWeight:·"600"·}}⏎··················`                                                                                                                                                                                                 prettier/prettier
  216:20  warning  Replace `·{...TYPE.caption}·color={surface.textWeak}·lineBreakStrategyIOS="hangul-word"·style={{·fontWeight:·"600",·marginBottom:·8·}}` with `⏎··············{...TYPE.caption}⏎··············color={surface.textWeak}⏎··············lineBreakStrategyIOS="hangul-word"⏎··············style={{·fontWeight:·"600",·marginBottom:·8·}}⏎············`                                                                                                                                                                                   prettier/prettier
  232:22  warning  Replace `·{...TYPE.caption}·color={surface.textWeak}·lineBreakStrategyIOS="hangul-word"·style={{·alignSelf:·"flex-end"·}}` with `⏎················{...TYPE.caption}⏎················color={surface.textWeak}⏎················lineBreakStrategyIOS="hangul-word"⏎················style={{·alignSelf:·"flex-end"·}}⏎··············`                                                                                                                                                                                                   prettier/prettier
  242:18  warning  Replace `·paddingHorizontal={LAYOUT.screenX}·gap={10}·style={{·paddingBottom:·Math.max(insets.bottom,·16)·}}` with `⏎··········paddingHorizontal={LAYOUT.screenX}⏎··········gap={10}⏎··········style={{·paddingBottom:·Math.max(insets.bottom,·16)·}}⏎········`                                                                                                                                                                                                                                                                     prettier/prettier
  244:20  warning  Replace `·{...TYPE.caption}·color={surface.danger}·lineBreakStrategyIOS="hangul-word"·textBreakStrategy="balanced"·style={{·textAlign:·"center"·}}` with `⏎··············{...TYPE.caption}⏎··············color={surface.danger}⏎··············lineBreakStrategyIOS="hangul-word"⏎··············textBreakStrategy="balanced"⏎··············style={{·textAlign:·"center"·}}⏎············`                                                                                                                                             prettier/prettier
  262:22  warning  Replace `·align="center"·justify="center"·style={{·height:·LAYOUT.cta.height,·borderRadius:·LAYOUT.cta.radius,·backgroundColor:·canSubmit·?·surface.brand·:·surface.surfaceSunken·}}` with `⏎··············align="center"⏎··············justify="center"⏎··············style={{⏎················height:·LAYOUT.cta.height,⏎················borderRadius:·LAYOUT.cta.radius,⏎················backgroundColor:·canSubmit⏎··················?·surface.brand⏎··················:·surface.surfaceSunken,⏎··············}}⏎············`  prettier/prettier
  263:22  warning  Replace `·{...TYPE.cta}·color={canSubmit·?·surface.onBrand·:·surface.ctaOffText}·lineBreakStrategyIOS="hangul-word"·style={{·fontWeight:·"600"·}}` with `⏎················{...TYPE.cta}⏎················color={canSubmit·?·surface.onBrand·:·surface.ctaOffText}⏎················lineBreakStrategyIOS="hangul-word"⏎················style={{·fontWeight:·"600"·}}⏎··············`                                                                                                                                                   prettier/prettier

/Users/seongminhan/workspace/sinsin_dev/sinsin-rn/src/features/stats-report/components/StatusBadge.tsx
  24:34  warning  리터럴 hex 대신 디자인 토큰을 쓰세요 — useV2Theme().colors / useSurface(). 정본에 없는 색이면 토큰부터 정합니다  no-restricted-syntax

✖ 72 problems (0 errors, 72 warnings)
  0 errors and 25 warnings potentially fixable with the `--fix` option.
