  console.log
    [dotenv@17.3.1] injecting env (0) from .env -- tip: 🔐 prevent committing .env to code: https://dotenvx.com/precommit

      at _log (node_modules/dotenv/lib/main.js:139:11)

  console.log
    [dotenv@17.3.1] injecting env (3) from tests/.env.test -- tip: ⚙️  suppress all logs with { quiet: true }

      at _log (node_modules/dotenv/lib/main.js:139:11)

PASS tests/communitySurfaceFixes.test.ts
  '이미 했어요' 는 판정이지 화면의 예외가 아니다
    ✓ COMMUNITY_ERROR_003 의 그릇은 카탈로그가 info 로 판정한다 (1 ms)
    ✓ COMMUNITY_ERROR_005 의 그릇은 카탈로그가 info 로 판정한다
    ✓ COMMUNITY_ERROR_011 의 그릇은 카탈로그가 info 로 판정한다 (1 ms)
    ✓ 원하던 일이 **일어나지 않은** 실패는 여전히 오류다
    ✓ 이미 참여한 투표는 새로고침을 해결책으로 갖는다
    ✓ info 를 그리는 곳은 present.ts 뿐이다 (1 ms)
  팔로워·팔로잉의 빈 상태에는 문구가 있다
    ✓ community.author.emptyFollowers 가 ko·en 양쪽에 있다
    ✓ community.author.emptyFollowing 가 ko·en 양쪽에 있다
  수를 읽을 수 있게 내보낸다
    ✓ 영어 조회수에 복수형이 있다 — '1 views' 가 아니다 (16 ms)
    ✓ 천 단위를 끊는다 (4 ms)
    ✓ 기기 로케일이 아니라 **앱 언어**를 따른다
    ✓ 피드 카드 넷이 전부 그 함수를 지난다 (5 ms)
  다크 모드에서 사라지는 것이 없다
    ✓ 대비 계산이 헛돌지 않는다 (오라클)
    ✓ 사진 제거 ✕ 의 원이 두 모드 모두에서 바닥과 갈라진다
    ✓ 섬네일 카드는 테마 훅을 갖는다 (예전엔 아예 없었다) (1 ms)
    ✓ 투표 시트의 플레이스홀더는 입력된 값처럼 보이지 않는다 (1 ms)
    ✓ 에디터는 다크 칸에 라이트 토큰을 들고 있지 않다 (1 ms)
  수와 칩이 손끝·눈금 설정을 견딘다
    ✓ 피드 카드의 세 수가 전부 이름을 갖는다 (1 ms)
    ✓ 칩·배지는 글자가 커지면 같이 자란다 (상한이 아니라 유연한 높이) (2 ms)
    ✓ 1배에서는 예전 픽셀 그대로다 (행간 + 세로 패딩 = 옛 높이) (1 ms)
  소유자 판정은 닉네임이 아니다
    ✓ 피드 카드가 한국어 리터럴과 이름을 비교하지 않는다 (1 ms)
    ✓ 작성자 맥락 태그는 값과 문구를 나눠 갖는다
  문구가 화면과 같은 말을 한다
    ✓ 사진 한도 알림의 제목이 '추가' 가 아니다
    ✓ 죽은 문구 한 벌이 지워졌다 (1 ms)
    ✓ 지운 열쇠를 아무도 부르지 않는다 (지우기 전에 증명한 방법 그대로) (21 ms)
  i18n 감사가 실제로 실패할 수 있다
    ✓ 커뮤니티 구역 게이트가 --fail-on-findings 를 넘긴다
    ✓ 게이트가 지금 초록이다 (346 ms)
    ✓ 구역이 실제로 커뮤니티 파일을 훑는다 (범위가 비어 있지 않다) (418 ms)
    ✓ 유일한 면제(v1 에디터)의 근거가 아직 살아 있다 (84 ms)

  console.log
    [dotenv@17.3.1] injecting env (0) from .env -- tip: ⚙️  suppress all logs with { quiet: true }

      at _log (node_modules/dotenv/lib/main.js:139:11)

  console.log
    [dotenv@17.3.1] injecting env (3) from tests/.env.test -- tip: ⚡️ secrets for agents: https://dotenvx.com/as2

      at _log (node_modules/dotenv/lib/main.js:139:11)

PASS tests/recordPageContrast.test.ts
  입력 및 오류 안내 — dark=false
    ✓ 공통 옅은 입력·안내 면에서도 본문과 선택 테두리가 구분된다 (1 ms)
    ✓ 숫자 예시와 오류 안내가 실제 입력 면에서 읽힌다
  입력 및 오류 안내 — dark=true
    ✓ 공통 옅은 입력·안내 면에서도 본문과 선택 테두리가 구분된다
    ✓ 숫자 예시와 오류 안내가 실제 입력 면에서 읽힌다
  기록 페이지 — 라이트
    ✓ 물잔 안의 큰 퍼센트(30pt 굵게)는 물 위에서 읽힌다
    ✓ 물잔 안의 보조 숫자(15pt)도 물 위에서 읽힌다 (1 ms)
    ✓ 담기 버튼의 글리프는 버튼 면에서 읽힌다
    ✓ 시간 표기의 회색 글자는 화면 바탕에서 읽힌다
    ✓ 본문 글자는 카드 바닥에서 읽힌다
    ✓ 규칙이 헛돌지 않는다 — 물 위의 옅은 회색은 떨어진다 (대조)
  기록 페이지 — 다크
    ✓ 물잔 숫자는 어두운 물 위에서도 읽힌다
    ✓ 시간 표기의 회색 글자는 어두운 화면 바탕에서 읽힌다
    ✓ 담기 버튼이 뒤집힌다 — 밝은 면에 어두운 글리프 (1 ms)
    ✓ 본문 글자가 카드 바닥에서 읽힌다
    ✓ 라이트의 카드색을 다크에 그대로 쓰면 본문이 안 읽힌다 (대조)

  console.log
    [dotenv@17.3.1] injecting env (0) from .env -- tip: ⚙️  load multiple .env files with { path: ['.env.local', '.env'] }

      at _log (node_modules/dotenv/lib/main.js:139:11)

  console.log
    [dotenv@17.3.1] injecting env (3) from tests/.env.test -- tip: 🛡️ auth for agents: https://vestauth.com

      at _log (node_modules/dotenv/lib/main.js:139:11)

PASS tests/surfaceLadderGuard.test.ts
  §L1 사다리 — 단 · 역할 · 겹침
    ✓ 여섯 단의 값이 못 박혀 있다 (변이 테스트의 과녁)
    ✓ 기준면은 라이트 `content` · 다크 `bed` 다 — 그리고 그것이 `background.default` 다
    ✓ 바닥에서 멀어지는 쪽이 위층이다 — 두 모드가 **같은 순서**를 탄다
    ✓ **겹치는 단은 의도다** — 어느 단이 왜 겹치는지까지 못 박는다 (1 ms)
    ✓ 표시는 **알파**로 남는다 — 면으로 굳히지 않는다
  §L2 사다리 도입 전후로 **칠해지는 색이 같다**
    ✓ light: `SurfacePalette` 21칸이 그대로다
    ✓ dark: `SurfacePalette` 21칸이 그대로다
    ✓ tamagui 계보의 면도 그대로다 — 계산만 사다리로 옮겼다
    ✓ 설정 계보의 두 칸도 그대로다 — 리터럴이 사다리 단으로 바뀌었을 뿐이다
  §L3 화면이 마주치는 회색은 전부 사다리 안에 있다
    ✓ light: 사다리가 만드는 집합 = §10 이 세는 집합
    ✓ dark: 사다리가 만드는 집합 = §10 이 세는 집합
    ✓ 개수는 라이트 열 · 다크 일곱이다 (§10 과 같은 숫자를 사다리 쪽에서도 센다)
  §L4 사다리 밖 회색을 화면이 직접 칠하지 못한다
    ✓ 면에 **리터럴 hex** 를 적지 않는다 (150 ms)
    ✓ 면에 **원시 팔레트**를 직접 쓰지 않는다 — 원시색은 층을 모른다 (134 ms)
    ✓ 게이트가 **실제로 잡는다** (오라클) (139 ms)
  §L5 `useSettingsColors` 의 리터럴 회색은 줄기만 한다
    ✓ 남은 리터럴 목록이 못 박혀 있다

  console.log
    [dotenv@17.3.1] injecting env (0) from .env -- tip: ⚙️  enable debug logging with { debug: true }

      at _log (node_modules/dotenv/lib/main.js:139:11)

  console.log
    [dotenv@17.3.1] injecting env (3) from tests/.env.test -- tip: ⚙️  load multiple .env files with { path: ['.env.local', '.env'] }

      at _log (node_modules/dotenv/lib/main.js:139:11)

PASS tests/recipeWrite.test.ts
  분량 표기 → 그램 (계약 §4.3)
    ✓ 계약 표: 70g → 70 (1 ms)
    ✓ 계약 표: 150 g → 150
    ✓ 계약 표: 15ml → 15
    ✓ 계약 표: 200ml → 200
    ✓ 계약 표: 1큰술 → 15 (1 ms)
    ✓ 계약 표: 2큰술 → 30
    ✓ 계약 표: 1작은술 → 5
    ✓ 계약 표: 1컵 → 200
    ✓ 환산하지 않는다: 1개
    ✓ 환산하지 않는다: 2개
    ✓ 환산하지 않는다: 소량
    ✓ 환산하지 않는다: 약간
    ✓ 환산하지 않는다: 1장
    ✓ 환산하지 않는다: 2쪽 (1 ms)
    ✓ 환산하지 않는다: 1공기
    ✓ 환산하지 않는다: 
    ✓ 환산하지 않는다:    
    ✓ 서버 이식본과 같은 확장 표기를 읽는다
    ✓ 범위는 어느 쪽도 고르지 않는다
    ✓ 단위가 양쪽에 붙은 범위도 아래쪽을 고르지 않는다 (1 ms)
    ✓ 상한을 넘기면 깎지 않고 null 이다
    ✓ 단위 뒤에 글자가 이어지면 다른 단어다
    ✓ 복합 재료를 알아본다 (계약 §4.4-2)
  줄마다 붙는 분량 힌트
    ✓ 재료명이 비어 있으면 아무 말도 하지 않는다
    ✓ 분량이 비었으면 채우라고 하고, 못 읽는 표기면 다시 적으라고 한다
  무엇이 남았는가 (시안 writing-16 의 결함)
    ✓ 빈 폼은 필수 5개가 전부 남는다
    ✓ 남은 것의 첫 항목이 버튼 위에 뜬다 — 순서는 화면 순서다
    ✓ 모든 필수 항목에 문구 열쇠가 있다
    ✓ 공백만 적은 것은 적은 것이 아니다
    ✓ 다 채우면 등록할 수 있다
    ✓ 사진 업로드가 실패한 채로는 등록을 막는다
    ✓ 사진이 올라가는 중이면 남은 것이 없어도 등록을 막는다
    ✓ 한 가지라도 안 적었으면 등록이 막히고, 버튼 위에 그 항목이 뜬다
    ✓ 아무것도 안 적은 폼은 나가기 확인을 띄우지 않는다 (1 ms)
  조리 시간 — 범위 밖을 '안 적음' 과 구분한다 (P2-19)
    ✓ 빈 칸은 '안 적음' 이다 — 선택 항목이라 오류가 아니다
    ✓ 경계 안쪽은 값을 그대로 준다: 1
    ✓ 경계 안쪽은 값을 그대로 준다: 35
    ✓ 경계 안쪽은 값을 그대로 준다: 1440
    ✓ 경계 밖은 null 이 아니라 이유가 붙는다: 0
    ✓ 경계 밖은 null 이 아니라 이유가 붙는다: 1441
    ✓ 경계 밖은 null 이 아니라 이유가 붙는다: 9999 (1 ms)
    ✓ 경계 밖은 null 이 아니라 이유가 붙는다: 99999
    ✓ 숫자가 아닌 글자는 '안 적음' 이다 — 범위 오류로 부르지 않는다
    ✓ 범위 밖이면 등록을 막는다 — 수정 경로가 없어서 되돌릴 수 없다
    ✓ 빈 칸·정상 범위는 등록을 막지 않는다
  미리보기 요청 만들기 (계약 §3.5)
    ✓ 이름과 분량이 다 있는 줄만 보낸다 (1 ms)
    ✓ 단위 칸이 비고 수량 칸만 있는 줄도 보낸다
    ✓ 보낼 재료가 없으면 요청 자체를 만들지 않는다
    ✓ 계약 상한을 앱이 먼저 지킨다 — 50개 / 이름 100자 / 분량 40자
    ✓ 인분이 요청에 그대로 들어간다 — 서버가 이 값으로 1인분을 만든다
    ✓ 디바운스는 계약이 못 박은 400ms 다
  작성 요청 만들기 (계약 §3.6)
    ✓ 태그 3그룹 중 영양·병기만 tags 로 합치고 음식 종류는 category 다 (1 ms)
    ✓ 빈 선택 항목은 null 로 보낸다 — 빈 문자열을 저장하지 않는다
    ✓ 난이도는 아예 보내지 않는다 — 폼에서 사라진 항목이다
    ✓ 한 줄 소개가 비면 빈 문자열이 아니라 null 이다
    ✓ 인분은 계약 범위(1~20) 안으로 맞춰 보낸다
    ✓ 조리 시간은 십진수만 싣고 범위 밖은 null 로 보낸다 (1 ms)
    ✓ 올라간 사진만 보낸다 — 실패·진행 중인 것은 경로가 없다
    ✓ 빈 재료·빈 순서 줄은 보내지 않고 단계 사진은 아직 null 이다
    ✓ nutritionOverride 를 보내지 않는다 — 서버가 계산해서 저장한다
  재료 세 칸 → 서버 한 칸 (SPEC §6.5)
    ✓ 그램이 실린 칸이 항상 앞이다
    ✓ 한 칸만 있으면 그 칸만 남는다
    ✓ 둘 다 비었거나 공백뿐이면 빈 문자열이다
    ✓ 칸마다 앞뒤 공백을 털어 낸다 — 앞 공백은 파서 정규식을 흔든다
    ✓ 수량 칸만 채운 줄은 서버가 못 읽는다 — 그것이 의도다
    ✓ 합산 상한 40 을 넘으면 단어 경계에서 자른다
    ✓ 첫 토막 하나가 이미 상한보다 길면 버릴 단어가 없어 그대로 자른다
    ✓ 경계가 마침 공백에 떨어지면 앞 단어가 온전히 남는다
    ✓ 칸별 상한 둘을 더해도 합산 상한을 넘지 않는다
    ✓ 칸을 꽉 채워도 잘리지 않는다 — 손으로 친 글자는 사라지지 않는다
  조리 순서 요약 (SPEC §6.6)
    ✓ 아무것도 없으면 0단계이고 미리보기가 없다
    ✓ 한 단계면 그 단계가 미리보기다 — 앞뒤 공백은 턴다
    ✓ 여러 단계면 개수를 세고 첫 단계만 미리 보인다 (1 ms)
    ✓ 중간에 빈 줄이 섞이면 세지 않는다
    ✓ 첫 줄이 비었으면 채워진 첫 줄을 미리 보인다
    ✓ 한국어를 만들지 않는다 — 문구는 화면이 i18n 으로 고른다
  순서 재정렬
    ✓ 옮긴다
    ✓ 범위를 벗어나면 원본을 그대로 준다 — 조용히 뒤집지 않는다
    ✓ 행 높이가 다를 때도 중앙을 넘어간 순간 자리를 바꾼다
    ✓ 측정값이 없으면 자리를 옮기지 않는다
  영양 표시
    ✓ 남은 양을 가장 많이 먹는 영양소를 한 줄로 고른다
    ✓ 비율을 하나도 모르면 나트륨을 쓴다 — 비율 없이 절대값만 말한다
    ✓ 지어낸 정밀도를 붙이지 않는다
    ✓ 막대는 100% 에서 멈추고 넘친 사실은 숫자가 말한다
    ✓ 빠진 재료는 중복을 지우고 순서를 유지한다
    ✓ provenance 가 없으면 수치를 그리지 않는다 (계약 §1.1)
    ✓ 남은 양이 0 이하이거나 한도를 모르면 비율은 null 이다 (계약 §3.2) (1 ms)
    ✓ 4개 영양소 전부를 계약 순서대로 만들고 단위를 붙인다
  빠진 재료를 이유별로 나눈다
    ✓ 무게를 모르는 것과 이름을 못 찾은 것을 가른다
    ✓ 계산에 들어간 재료는 어느 쪽에도 없다
    ✓ 같은 이름을 두 줄에 적어도 한 번만 말한다
    ✓ 두 문구가 서로 다른 사실을 말한다
    ✓ 모의 경로도 그램이 없으면 matched 를 false 로 준다 (106 ms)
  서비스 — 실서버 경로
    ✓ 미리보기는 계약 경로로 본문을 그대로 보내고 봉투의 result 를 푼다
    ✓ 작성은 POST /recipes 로 보낸다 (1 ms)
  서비스 — 모의 경로(서버가 붙기 전)
    ✓ 고정 payload 가 아니라 입력에 반응한다 — 재료를 늘리면 나트륨이 늘어난다
    ✓ 계약 §3.5 응답 모양을 지키고 provenance 를 빠뜨리지 않는다
    ✓ servings 로 나눈 1인분을 준다 (1 ms)
  없는 기능을 문구로 약속하지 않는다
    ✓ 수정이 없는 동안에는 '고쳐 적으면 다시 계산돼요' 를 쓰지 않는다
    ✓ 수정이 생겼을 때 쓸 문구가 양쪽 로케일에 준비돼 있다
  i18n
    ✓ 작성 화면 문구가 ko·en 둘 다 같은 열쇠를 갖는다 (1 ms)
  작성자 상태에서 태그를 뽑는다 — 고르게 하지 않는다
    ✓ 병기를 태그로 옮긴다 (3a·3b 는 같은 검색 칸이다)
    ✓ 숫자만 저장된 낡은 행도 읽는다 (`3` 은 엄격한 쪽인 3b 다)
    ✓ CKD 1·2기는 태그를 만들지 않는다 — 어휘에도 없고 식이제한도 없다
    ✓ 모르는 병기는 지어내지 않는다
    ✓ 투석은 병기와 다른 축이다 — 병기 컬럼이 DIALYSIS 여도 답이 나온다 (1 ms)
    ✓ 병기 태그가 카탈로그 정본 표기와 같다
    ✓ 투석 태그는 서버 정본(`투석환자`)과 같은 문자열이다
    ✓ 동반 질환을 좁은 쪽에서 넓은 쪽으로 옮긴다
    ✓ 동반 질환 축(DIABETES)에서 당뇨가 붙는다
    ✓ 진단 원인 축(DIABETIC_KIDNEY_DISEASE)에서도 붙는다 — 좁은 것에서 넓은 것으로
    ✓ 두 축이 같은 사실을 말하면 태그는 하나다
    ✓ 모르는 동반 질환 키는 버린다
    ✓ 화면에는 한국어가 아니라 문구 열쇠를 준다
    ✓ 나오는 값은 정본 어휘 안이고, 문구 열쇠는 ko·en 둘 다에 있다 (2 ms)
    ✓ 순서가 고정이다 — 같은 사람에게 매번 같은 문장이 보여야 한다
  드래그 중 비켜나는 거리 — 잡은 행이 지나간 만큼만
    ✓ 드래그가 아니면 아무도 안 움직인다
    ✓ 잡은 행 자신은 0 이다 — 손가락을 따라가는 값이 따로 있다
    ✓ 아래로 끌면 사이에 낀 행들이 위로 올라온다
    ✓ 위로 끌면 사이에 낀 행들이 아래로 내려간다
    ✓ 제자리에 놓으면 아무도 안 움직인다
    ✓ 높이를 아직 못 쟀으면(0) 움직임도 0 이다
  recipeDetailToWriteForm — 수정 왕복
    ✓ 임상 태그가 살아 돌아온다 (1 ms)
    ✓ 사진은 경로로 실린다 — 글자만 고쳐도 남는다
    ✓ 폼을 그대로 다시 보내면 값이 보존된다
    ✓ 사진이 없으면 빈 목록이다
    ✓ 서버가 인분을 안 주면 1이다
    ✓ 빈 재료·순서는 한 줄씩 미리 놓는다
  canEditFrom — 모르면 열지 않는다
    ✓ 내 것이고 원본 태그가 오면 연다 (1 ms)
    ✓ 남의 것이면 안 연다
    ✓ 내 것이라는데 원본 태그가 없으면 안 연다

  console.log
    [dotenv@17.3.1] injecting env (0) from .env -- tip: ⚙️  enable debug logging with { debug: true }

      at _log (node_modules/dotenv/lib/main.js:139:11)

  console.log
    [dotenv@17.3.1] injecting env (3) from tests/.env.test -- tip: ⚙️  suppress all logs with { quiet: true }

      at _log (node_modules/dotenv/lib/main.js:139:11)

PASS tests/communityStoryRail.test.ts
  ✓ empty rail uses the story name and keeps an actionable first story slot (2 ms)
  ✓ loading does not claim an empty community and retains the creation entry (1 ms)
  ✓ a failed request shows a retry instead of the empty invitation
  ✓ real stories retain identity-based navigation and omit expired or blocked authors (1 ms)

  console.log
    [dotenv@17.3.1] injecting env (0) from .env -- tip: 🛡️ auth for agents: https://vestauth.com

      at _log (node_modules/dotenv/lib/main.js:139:11)

  console.log
    [dotenv@17.3.1] injecting env (3) from tests/.env.test -- tip: ⚙️  enable debug logging with { debug: true }

      at _log (node_modules/dotenv/lib/main.js:139:11)

PASS tests/reportContrast.test.ts
  리포트 페이지 — 라이트
    ✓ 본문 글자 / 흰 바닥 (1 ms)
    ✓ 보조 글자(70%) / 흰 바닥
    ✓ 한눈에 카드 글자 / #F9FAFB
    ✓ 도넛 숫자 ok / 흰 바닥(14pt 굵게)
    ✓ 도넛 숫자 tight / 흰 바닥
    ✓ 도넛 숫자 over / 흰 바닥
    ✓ 집중 영양소 이름 / 흰 바닥
    ✓ 배지 안전 글자 / 배지 면
    ✓ 배지 주의 글자 / 배지 면
    ✓ 배지 제한 글자 / 배지 면
    ✓ 배지 모름 글자 / 배지 면
    ✓ 도넛 숫자 unknown / 흰 바닥
    ✓ 음식 칩 흰 글자 / 칩 면(사진 위, 흰 사진 가정)
    ✓ 기록 삭제 글자 / 중립 면 #F7F7F7
    ✓ 분할 막대의 흰 숫자는 시안의 결정이다(2026-09-04) — 첫 칸 2.5:1 이상, 나머지는 굵기·그림자로 보완하며 1.5:1 아래로는 안 떨어진다 (1 ms)
    ✓ 브랜드 버튼의 흰 글자 / #FE7139 는 앱 전체 규칙이라 그대로 둔다 — 2.5:1 아래로 떨어지면 잡는다
    ✓ 시안 그대로의 노란 링 색을 글자에 쓰면 읽히지 않는다 (규칙이 헛돌지 않는 대조)
  리포트 페이지 — 다크(surface 토큰 위)
    ✓ 본문 / 캔버스
    ✓ 보조(다크는 text 톤) / 캔버스
    ✓ 본문 / 우물(추천 식단)
    ✓ 보조(text 톤) / 카드
    ✓ 보조(text 톤) / 우물은 큰 글자 기준을 넘는다
    ✓ 모름 배지(다크는 밝은 unknown 톤) / 우물 면
    ✓ 기록 삭제(다크는 밝은 over 톤) / 우물 면 — 짙은 over 톤이면 못 읽는다
    ✓ 다크의 textMuted 를 그대로 카드에 쓰면 못 읽는다 (그래서 text 로 올렸다 — 대조)
    ✓ 기록 삭제(다크는 밝은 over 톤) / 중립 면(다크는 우물) (1 ms)
    ✓ 도넛 숫자 ok(밝은 톤) / 다크 캔버스
    ✓ 도넛 숫자 tight / 다크 캔버스
    ✓ 도넛 숫자 over / 다크 캔버스
  홈 — 라이트(homeInk)
    ✓ 제목 기록 / 복숭아 히어로
    ✓ 제목 통계(비활성, 21pt) / 복숭아 히어로
    ✓ 타일 라벨(14pt) / 흰 타일
    ✓ 기록 없음(18pt) / 흰 타일
    ✓ 목록 메타 / 흰 바닥
    ✓ 말풍선 글자 / 흰 말풍선
    ✓ 시안의 28%·51% 그대로였다면 큰 글자 기준에도 못 미친다 (대조) (1 ms)
  홈 — 다크(surface 토큰)
    ✓ 타일 라벨·값·기록 없음이 카드 위에서 읽힌다 (4 ms)
    ✓ 히어로(surface) 위 제목·비활성 제목이 읽힌다

  console.log
    [dotenv@17.3.1] injecting env (0) from .env -- tip: 🔐 prevent building .env in docker: https://dotenvx.com/prebuild

      at _log (node_modules/dotenv/lib/main.js:139:11)

  console.log
    [dotenv@17.3.1] injecting env (3) from tests/.env.test -- tip: 🛠️  run anywhere with `dotenvx run -- yourcommand`

      at _log (node_modules/dotenv/lib/main.js:139:11)

PASS tests/communityDesignContract.test.ts
  소스 계약의 오라클
    ✓ 주석에만 있는 이름은 계약을 만족시키지 못한다
    ✓ 문자열 안의 `//` 와 `/*` 는 주석이 아니다
  community redesign contract
    ✓ keeps recipe as its own main tab and never adds a story tab (1 ms)
    ✓ keeps stories inside the community feed rail (1 ms)
    ✓ does not split author profile into a story or recipe tab
    ✓ implements popular period filters without losing current community categories
    ✓ uses the form-style writer while preserving production safeguards (1 ms)
    ✓ keeps small community metadata readable in dark mode (11 ms)
    ✓ keeps story actions legible over bright photos (1 ms)
    ✓ keeps the post body rendered when a revalidation fails (1 ms)
    ✓ settles concurrent same-post toggles on the newest server truth (2 ms)
    ✓ tells the truth at the tail of both community lists (2 ms)
    ✓ keeps the author's other posts honest when their one request fails (1 ms)
    ✓ persists the tail reset when the filter combination changes (1 ms)
    ✓ numbers the popular list from the rendered index, not the server rank
    ✓ keeps the feed out of the post-detail refresh scope (2 ms)
    ✓ is honest about loading and failure in the activity library
    ✓ connects detail to public author profile and the dedicated report form (1 ms)

  console.log
    [dotenv@17.3.1] injecting env (0) from .env -- tip: 🛡️ auth for agents: https://vestauth.com

      at _log (node_modules/dotenv/lib/main.js:139:11)

  console.log
    [dotenv@17.3.1] injecting env (3) from tests/.env.test -- tip: 🤖 agentic secret storage: https://dotenvx.com/as2

      at _log (node_modules/dotenv/lib/main.js:139:11)

PASS tests/inputMetrics.test.ts
  ✓ final caller overrides cannot reintroduce paragraph metrics into single-line inputs
  ✓ multiline editors retain their paragraph spacing, padding and intentional top alignment (1 ms)
  ✓ page and sheet inputs preserve refs, editing callbacks and keyboard props through normalization (3 ms)
  ✓ page and sheet inputs preserve refs, editing callbacks and keyboard props through normalization
  ✓ sheet text areas retain gorhom's input implementation and caller accessibility settings (1 ms)

  console.log
    [dotenv@17.3.1] injecting env (0) from .env -- tip: 🛡️ auth for agents: https://vestauth.com

      at _log (node_modules/dotenv/lib/main.js:139:11)

  console.log
    [dotenv@17.3.1] injecting env (3) from tests/.env.test -- tip: 🤖 agentic secret storage: https://dotenvx.com/as2

      at _log (node_modules/dotenv/lib/main.js:139:11)

PASS tests/textScaling.test.ts
  ✓ normal typography remains unchanged; extreme device scale is bounded per role (2 ms)
  ✓ inline emphasis inherits the title limit without enlarging just the colored word
  ✓ body and caption remain enlargeable, while input and explicit control limits stay compact (1 ms)
  ✓ specialized callers can preserve fixed glyphs and documented text scaling overrides

  console.log
    [dotenv@17.3.1] injecting env (0) from .env -- tip: ⚙️  specify custom .env file path with { path: '/custom/path/.env' }

      at _log (node_modules/dotenv/lib/main.js:139:11)

  console.log
    [dotenv@17.3.1] injecting env (3) from tests/.env.test -- tip: 🔐 encrypt with Dotenvx: https://dotenvx.com

      at _log (node_modules/dotenv/lib/main.js:139:11)

PASS tests/restaurantActionContrast.test.ts
  restaurant primary action icon contrast
    ✓ 진단하기는 브랜드 면 위 글자만이다 — 아이콘을 얹지 않는다 (1 ms)
    ✓ 단색 sparkle 은 등록된 채로 남아 있고 currentColor 를 따른다 (1 ms)
    ✓ 지도 AI 검색은 기존 두 톤 sparkle을 유지한다

  console.log
    [dotenv@17.3.1] injecting env (0) from .env -- tip: ⚙️  override existing env vars with { override: true }

      at _log (node_modules/dotenv/lib/main.js:139:11)

  console.log
    [dotenv@17.3.1] injecting env (3) from tests/.env.test -- tip: ⚙️  load multiple .env files with { path: ['.env.local', '.env'] }

      at _log (node_modules/dotenv/lib/main.js:139:11)

PASS tests/onboardingPresentation.test.ts
  onboarding presentation rules
    ✓ treats null as a missing subtitle
    ✓ treats undefined as a missing subtitle
    ✓ treats "" as a missing subtitle
    ✓ treats "   " as a missing subtitle
    ✓ trims and keeps a real subtitle (1 ms)
    ✓ plays the particle once only when Reduce Motion is off
    ✓ shows a back button on the first question so the patient choice can be changed
    ✓ keeps the welcome screen visible while loading questions after confirmation
    ✓ keeps onboarding content scrollable above the fixed bottom action

Test Suites: 11 passed, 11 total
Tests:       272 passed, 272 total
Snapshots:   0 total
Time:        2.722 s, estimated 3 s
Ran all test suites matching /surfaceLadderGuard|recordPageContrast|reportContrast|restaurantActionContrast|inputMetrics|textScaling|onboardingPresentation|communitySurfaceFixes|communityDesignContract|communityStoryRail|recipeWrite|settingsDetail/i.
